# serializer version: 1
# name: test_fetch_core_scheduled_exchanges_day_ahead_de_fr
  list([
    dict({
      'datetime': datetime.datetime(2026, 4, 20, 0, 0, tzinfo=datetime.timezone.utc),
      'end_datetime': None,
      'marketAgreementType': <MarketAgreementType.DAY_AHEAD: 'DAY_AHEAD'>,
      'netFlow': -213.5,
      'scheduledExport': 0.0,
      'scheduledImport': 213.5,
      'sortedZoneKeys': 'DE->FR',
      'source': 'jao.eu',
      'sourceType': <EventSourceType.published: 'published'>,
    }),
    dict({
      'datetime': datetime.datetime(2026, 4, 20, 0, 15, tzinfo=datetime.timezone.utc),
      'end_datetime': None,
      'marketAgreementType': <MarketAgreementType.DAY_AHEAD: 'DAY_AHEAD'>,
      'netFlow': -207.6,
      'scheduledExport': 0.0,
      'scheduledImport': 207.6,
      'sortedZoneKeys': 'DE->FR',
      'source': 'jao.eu',
      'sourceType': <EventSourceType.published: 'published'>,
    }),
    dict({
      'datetime': datetime.datetime(2026, 4, 20, 0, 30, tzinfo=datetime.timezone.utc),
      'end_datetime': None,
      'marketAgreementType': <MarketAgreementType.DAY_AHEAD: 'DAY_AHEAD'>,
      'netFlow': -206.5,
      'scheduledExport': 0.0,
      'scheduledImport': 206.5,
      'sortedZoneKeys': 'DE->FR',
      'source': 'jao.eu',
      'sourceType': <EventSourceType.published: 'published'>,
    }),
    dict({
      'datetime': datetime.datetime(2026, 4, 20, 0, 45, tzinfo=datetime.timezone.utc),
      'end_datetime': None,
      'marketAgreementType': <MarketAgreementType.DAY_AHEAD: 'DAY_AHEAD'>,
      'netFlow': -205.4,
      'scheduledExport': 0.0,
      'scheduledImport': 205.4,
      'sortedZoneKeys': 'DE->FR',
      'source': 'jao.eu',
      'sourceType': <EventSourceType.published: 'published'>,
    }),
    dict({
      'datetime': datetime.datetime(2026, 4, 20, 1, 0, tzinfo=datetime.timezone.utc),
      'end_datetime': None,
      'marketAgreementType': <MarketAgreementType.DAY_AHEAD: 'DAY_AHEAD'>,
      'netFlow': -104.1,
      'scheduledExport': 0.0,
      'scheduledImport': 104.1,
      'sortedZoneKeys': 'DE->FR',
      'source': 'jao.eu',
      'sourceType': <EventSourceType.published: 'published'>,
    }),
    dict({
      'datetime': datetime.datetime(2026, 4, 20, 1, 15, tzinfo=datetime.timezone.utc),
      'end_datetime': None,
      'marketAgreementType': <MarketAgreementType.DAY_AHEAD: 'DAY_AHEAD'>,
      'netFlow': -98.3,
      'scheduledExport': 0.0,
      'scheduledImport': 98.3,
      'sortedZoneKeys': 'DE->FR',
      'source': 'jao.eu',
      'sourceType': <EventSourceType.published: 'published'>,
    }),
    dict({
      'datetime': datetime.datetime(2026, 4, 20, 1, 30, tzinfo=datetime.timezone.utc),
      'end_datetime': None,
      'marketAgreementType': <MarketAgreementType.DAY_AHEAD: 'DAY_AHEAD'>,
      'netFlow': -107.3,
      'scheduledExport': 0.0,
      'scheduledImport': 107.3,
      'sortedZoneKeys': 'DE->FR',
      'source': 'jao.eu',
      'sourceType': <EventSourceType.published: 'published'>,
    }),
    dict({
      'datetime': datetime.datetime(2026, 4, 20, 1, 45, tzinfo=datetime.timezone.utc),
      'end_datetime': None,
      'marketAgreementType': <MarketAgreementType.DAY_AHEAD: 'DAY_AHEAD'>,
      'netFlow': -85.5,
      'scheduledExport': 0.0,
      'scheduledImport': 85.5,
      'sortedZoneKeys': 'DE->FR',
      'source': 'jao.eu',
      'sourceType': <EventSourceType.published: 'published'>,
    }),
    dict({
      'datetime': datetime.datetime(2026, 4, 20, 2, 0, tzinfo=datetime.timezone.utc),
      'end_datetime': None,
      'marketAgreementType': <MarketAgreementType.DAY_AHEAD: 'DAY_AHEAD'>,
      'netFlow': -120.8,
      'scheduledExport': 0.0,
      'scheduledImport': 120.8,
      'sortedZoneKeys': 'DE->FR',
      'source': 'jao.eu',
      'sourceType': <EventSourceType.published: 'published'>,
    }),
    dict({
      'datetime': datetime.datetime(2026, 4, 20, 2, 15, tzinfo=datetime.timezone.utc),
      'end_datetime': None,
      'marketAgreementType': <MarketAgreementType.DAY_AHEAD: 'DAY_AHEAD'>,
      'netFlow': -95.1,
      'scheduledExport': 0.0,
      'scheduledImport': 95.1,
      'sortedZoneKeys': 'DE->FR',
      'source': 'jao.eu',
      'sourceType': <EventSourceType.published: 'published'>,
    }),
    dict({
      'datetime': datetime.datetime(2026, 4, 20, 2, 30, tzinfo=datetime.timezone.utc),
      'end_datetime': None,
      'marketAgreementType': <MarketAgreementType.DAY_AHEAD: 'DAY_AHEAD'>,
      'netFlow': -92.0,
      'scheduledExport': 0.0,
      'scheduledImport': 92.0,
      'sortedZoneKeys': 'DE->FR',
      'source': 'jao.eu',
      'sourceType': <EventSourceType.published: 'published'>,
    }),
    dict({
      'datetime': datetime.datetime(2026, 4, 20, 2, 45, tzinfo=datetime.timezone.utc),
      'end_datetime': None,
      'marketAgreementType': <MarketAgreementType.DAY_AHEAD: 'DAY_AHEAD'>,
      'netFlow': -49.7,
      'scheduledExport': 0.0,
      'scheduledImport': 49.7,
      'sortedZoneKeys': 'DE->FR',
      'source': 'jao.eu',
      'sourceType': <EventSourceType.published: 'published'>,
    }),
    dict({
      'datetime': datetime.datetime(2026, 4, 20, 3, 0, tzinfo=datetime.timezone.utc),
      'end_datetime': None,
      'marketAgreementType': <MarketAgreementType.DAY_AHEAD: 'DAY_AHEAD'>,
      'netFlow': 147.0,
      'scheduledExport': 147.0,
      'scheduledImport': 0.0,
      'sortedZoneKeys': 'DE->FR',
      'source': 'jao.eu',
      'sourceType': <EventSourceType.published: 'published'>,
    }),
    dict({
      'datetime': datetime.datetime(2026, 4, 20, 3, 15, tzinfo=datetime.timezone.utc),
      'end_datetime': None,
      'marketAgreementType': <MarketAgreementType.DAY_AHEAD: 'DAY_AHEAD'>,
      'netFlow': 178.4,
      'scheduledExport': 178.4,
      'scheduledImport': 0.0,
      'sortedZoneKeys': 'DE->FR',
      'source': 'jao.eu',
      'sourceType': <EventSourceType.published: 'published'>,
    }),
    dict({
      'datetime': datetime.datetime(2026, 4, 20, 3, 30, tzinfo=datetime.timezone.utc),
      'end_datetime': None,
      'marketAgreementType': <MarketAgreementType.DAY_AHEAD: 'DAY_AHEAD'>,
      'netFlow': 193.4,
      'scheduledExport': 193.4,
      'scheduledImport': 0.0,
      'sortedZoneKeys': 'DE->FR',
      'source': 'jao.eu',
      'sourceType': <EventSourceType.published: 'published'>,
    }),
    dict({
      'datetime': datetime.datetime(2026, 4, 20, 3, 45, tzinfo=datetime.timezone.utc),
      'end_datetime': None,
      'marketAgreementType': <MarketAgreementType.DAY_AHEAD: 'DAY_AHEAD'>,
      'netFlow': 233.6,
      'scheduledExport': 233.6,
      'scheduledImport': 0.0,
      'sortedZoneKeys': 'DE->FR',
      'source': 'jao.eu',
      'sourceType': <EventSourceType.published: 'published'>,
    }),
    dict({
      'datetime': datetime.datetime(2026, 4, 20, 4, 0, tzinfo=datetime.timezone.utc),
      'end_datetime': None,
      'marketAgreementType': <MarketAgreementType.DAY_AHEAD: 'DAY_AHEAD'>,
      'netFlow': -116.1,
      'scheduledExport': 0.0,
      'scheduledImport': 116.1,
      'sortedZoneKeys': 'DE->FR',
      'source': 'jao.eu',
      'sourceType': <EventSourceType.published: 'published'>,
    }),
    dict({
      'datetime': datetime.datetime(2026, 4, 20, 4, 15, tzinfo=datetime.timezone.utc),
      'end_datetime': None,
      'marketAgreementType': <MarketAgreementType.DAY_AHEAD: 'DAY_AHEAD'>,
      'netFlow': -59.2,
      'scheduledExport': 0.0,
      'scheduledImport': 59.2,
      'sortedZoneKeys': 'DE->FR',
      'source': 'jao.eu',
      'sourceType': <EventSourceType.published: 'published'>,
    }),
    dict({
      'datetime': datetime.datetime(2026, 4, 20, 4, 30, tzinfo=datetime.timezone.utc),
      'end_datetime': None,
      'marketAgreementType': <MarketAgreementType.DAY_AHEAD: 'DAY_AHEAD'>,
      'netFlow': -137.8,
      'scheduledExport': 0.0,
      'scheduledImport': 137.8,
      'sortedZoneKeys': 'DE->FR',
      'source': 'jao.eu',
      'sourceType': <EventSourceType.published: 'published'>,
    }),
    dict({
      'datetime': datetime.datetime(2026, 4, 20, 4, 45, tzinfo=datetime.timezone.utc),
      'end_datetime': None,
      'marketAgreementType': <MarketAgreementType.DAY_AHEAD: 'DAY_AHEAD'>,
      'netFlow': -173.5,
      'scheduledExport': 0.0,
      'scheduledImport': 173.5,
      'sortedZoneKeys': 'DE->FR',
      'source': 'jao.eu',
      'sourceType': <EventSourceType.published: 'published'>,
    }),
    dict({
      'datetime': datetime.datetime(2026, 4, 20, 5, 0, tzinfo=datetime.timezone.utc),
      'end_datetime': None,
      'marketAgreementType': <MarketAgreementType.DAY_AHEAD: 'DAY_AHEAD'>,
      'netFlow': -850.6,
      'scheduledExport': 0.0,
      'scheduledImport': 850.6,
      'sortedZoneKeys': 'DE->FR',
      'source': 'jao.eu',
      'sourceType': <EventSourceType.published: 'published'>,
    }),
    dict({
      'datetime': datetime.datetime(2026, 4, 20, 5, 15, tzinfo=datetime.timezone.utc),
      'end_datetime': None,
      'marketAgreementType': <MarketAgreementType.DAY_AHEAD: 'DAY_AHEAD'>,
      'netFlow': -838.4,
      'scheduledExport': 0.0,
      'scheduledImport': 838.4,
      'sortedZoneKeys': 'DE->FR',
      'source': 'jao.eu',
      'sourceType': <EventSourceType.published: 'published'>,
    }),
    dict({
      'datetime': datetime.datetime(2026, 4, 20, 5, 30, tzinfo=datetime.timezone.utc),
      'end_datetime': None,
      'marketAgreementType': <MarketAgreementType.DAY_AHEAD: 'DAY_AHEAD'>,
      'netFlow': -784.0,
      'scheduledExport': 0.0,
      'scheduledImport': 784.0,
      'sortedZoneKeys': 'DE->FR',
      'source': 'jao.eu',
      'sourceType': <EventSourceType.published: 'published'>,
    }),
    dict({
      'datetime': datetime.datetime(2026, 4, 20, 5, 45, tzinfo=datetime.timezone.utc),
      'end_datetime': None,
      'marketAgreementType': <MarketAgreementType.DAY_AHEAD: 'DAY_AHEAD'>,
      'netFlow': -817.8,
      'scheduledExport': 0.0,
      'scheduledImport': 817.8,
      'sortedZoneKeys': 'DE->FR',
      'source': 'jao.eu',
      'sourceType': <EventSourceType.published: 'published'>,
    }),
    dict({
      'datetime': datetime.datetime(2026, 4, 20, 6, 0, tzinfo=datetime.timezone.utc),
      'end_datetime': None,
      'marketAgreementType': <MarketAgreementType.DAY_AHEAD: 'DAY_AHEAD'>,
      'netFlow': -363.6,
      'scheduledExport': 0.0,
      'scheduledImport': 363.6,
      'sortedZoneKeys': 'DE->FR',
      'source': 'jao.eu',
      'sourceType': <EventSourceType.published: 'published'>,
    }),
    dict({
      'datetime': datetime.datetime(2026, 4, 20, 6, 15, tzinfo=datetime.timezone.utc),
      'end_datetime': None,
      'marketAgreementType': <MarketAgreementType.DAY_AHEAD: 'DAY_AHEAD'>,
      'netFlow': -736.2,
      'scheduledExport': 0.0,
      'scheduledImport': 736.2,
      'sortedZoneKeys': 'DE->FR',
      'source': 'jao.eu',
      'sourceType': <EventSourceType.published: 'published'>,
    }),
    dict({
      'datetime': datetime.datetime(2026, 4, 20, 6, 30, tzinfo=datetime.timezone.utc),
      'end_datetime': None,
      'marketAgreementType': <MarketAgreementType.DAY_AHEAD: 'DAY_AHEAD'>,
      'netFlow': -801.1,
      'scheduledExport': 0.0,
      'scheduledImport': 801.1,
      'sortedZoneKeys': 'DE->FR',
      'source': 'jao.eu',
      'sourceType': <EventSourceType.published: 'published'>,
    }),
    dict({
      'datetime': datetime.datetime(2026, 4, 20, 6, 45, tzinfo=datetime.timezone.utc),
      'end_datetime': None,
      'marketAgreementType': <MarketAgreementType.DAY_AHEAD: 'DAY_AHEAD'>,
      'netFlow': -890.9,
      'scheduledExport': 0.0,
      'scheduledImport': 890.9,
      'sortedZoneKeys': 'DE->FR',
      'source': 'jao.eu',
      'sourceType': <EventSourceType.published: 'published'>,
    }),
    dict({
      'datetime': datetime.datetime(2026, 4, 20, 7, 0, tzinfo=datetime.timezone.utc),
      'end_datetime': None,
      'marketAgreementType': <MarketAgreementType.DAY_AHEAD: 'DAY_AHEAD'>,
      'netFlow': -648.3,
      'scheduledExport': 0.0,
      'scheduledImport': 648.3,
      'sortedZoneKeys': 'DE->FR',
      'source': 'jao.eu',
      'sourceType': <EventSourceType.published: 'published'>,
    }),
    dict({
      'datetime': datetime.datetime(2026, 4, 20, 7, 15, tzinfo=datetime.timezone.utc),
      'end_datetime': None,
      'marketAgreementType': <MarketAgreementType.DAY_AHEAD: 'DAY_AHEAD'>,
      'netFlow': -685.1,
      'scheduledExport': 0.0,
      'scheduledImport': 685.1,
      'sortedZoneKeys': 'DE->FR',
      'source': 'jao.eu',
      'sourceType': <EventSourceType.published: 'published'>,
    }),
    dict({
      'datetime': datetime.datetime(2026, 4, 20, 7, 30, tzinfo=datetime.timezone.utc),
      'end_datetime': None,
      'marketAgreementType': <MarketAgreementType.DAY_AHEAD: 'DAY_AHEAD'>,
      'netFlow': -704.5,
      'scheduledExport': 0.0,
      'scheduledImport': 704.5,
      'sortedZoneKeys': 'DE->FR',
      'source': 'jao.eu',
      'sourceType': <EventSourceType.published: 'published'>,
    }),
    dict({
      'datetime': datetime.datetime(2026, 4, 20, 7, 45, tzinfo=datetime.timezone.utc),
      'end_datetime': None,
      'marketAgreementType': <MarketAgreementType.DAY_AHEAD: 'DAY_AHEAD'>,
      'netFlow': -770.6,
      'scheduledExport': 0.0,
      'scheduledImport': 770.6,
      'sortedZoneKeys': 'DE->FR',
      'source': 'jao.eu',
      'sourceType': <EventSourceType.published: 'published'>,
    }),
    dict({
      'datetime': datetime.datetime(2026, 4, 20, 8, 0, tzinfo=datetime.timezone.utc),
      'end_datetime': None,
      'marketAgreementType': <MarketAgreementType.DAY_AHEAD: 'DAY_AHEAD'>,
      'netFlow': -744.3,
      'scheduledExport': 0.0,
      'scheduledImport': 744.3,
      'sortedZoneKeys': 'DE->FR',
      'source': 'jao.eu',
      'sourceType': <EventSourceType.published: 'published'>,
    }),
    dict({
      'datetime': datetime.datetime(2026, 4, 20, 8, 15, tzinfo=datetime.timezone.utc),
      'end_datetime': None,
      'marketAgreementType': <MarketAgreementType.DAY_AHEAD: 'DAY_AHEAD'>,
      'netFlow': -758.8,
      'scheduledExport': 0.0,
      'scheduledImport': 758.8,
      'sortedZoneKeys': 'DE->FR',
      'source': 'jao.eu',
      'sourceType': <EventSourceType.published: 'published'>,
    }),
    dict({
      'datetime': datetime.datetime(2026, 4, 20, 8, 30, tzinfo=datetime.timezone.utc),
      'end_datetime': None,
      'marketAgreementType': <MarketAgreementType.DAY_AHEAD: 'DAY_AHEAD'>,
      'netFlow': -793.0,
      'scheduledExport': 0.0,
      'scheduledImport': 793.0,
      'sortedZoneKeys': 'DE->FR',
      'source': 'jao.eu',
      'sourceType': <EventSourceType.published: 'published'>,
    }),
    dict({
      'datetime': datetime.datetime(2026, 4, 20, 8, 45, tzinfo=datetime.timezone.utc),
      'end_datetime': None,
      'marketAgreementType': <MarketAgreementType.DAY_AHEAD: 'DAY_AHEAD'>,
      'netFlow': -811.7,
      'scheduledExport': 0.0,
      'scheduledImport': 811.7,
      'sortedZoneKeys': 'DE->FR',
      'source': 'jao.eu',
      'sourceType': <EventSourceType.published: 'published'>,
    }),
    dict({
      'datetime': datetime.datetime(2026, 4, 20, 9, 0, tzinfo=datetime.timezone.utc),
      'end_datetime': None,
      'marketAgreementType': <MarketAgreementType.DAY_AHEAD: 'DAY_AHEAD'>,
      'netFlow': -730.0,
      'scheduledExport': 0.0,
      'scheduledImport': 730.0,
      'sortedZoneKeys': 'DE->FR',
      'source': 'jao.eu',
      'sourceType': <EventSourceType.published: 'published'>,
    }),
    dict({
      'datetime': datetime.datetime(2026, 4, 20, 9, 15, tzinfo=datetime.timezone.utc),
      'end_datetime': None,
      'marketAgreementType': <MarketAgreementType.DAY_AHEAD: 'DAY_AHEAD'>,
      'netFlow': -706.3,
      'scheduledExport': 0.0,
      'scheduledImport': 706.3,
      'sortedZoneKeys': 'DE->FR',
      'source': 'jao.eu',
      'sourceType': <EventSourceType.published: 'published'>,
    }),
    dict({
      'datetime': datetime.datetime(2026, 4, 20, 9, 30, tzinfo=datetime.timezone.utc),
      'end_datetime': None,
      'marketAgreementType': <MarketAgreementType.DAY_AHEAD: 'DAY_AHEAD'>,
      'netFlow': -647.4,
      'scheduledExport': 0.0,
      'scheduledImport': 647.4,
      'sortedZoneKeys': 'DE->FR',
      'source': 'jao.eu',
      'sourceType': <EventSourceType.published: 'published'>,
    }),
    dict({
      'datetime': datetime.datetime(2026, 4, 20, 9, 45, tzinfo=datetime.timezone.utc),
      'end_datetime': None,
      'marketAgreementType': <MarketAgreementType.DAY_AHEAD: 'DAY_AHEAD'>,
      'netFlow': -616.6,
      'scheduledExport': 0.0,
      'scheduledImport': 616.6,
      'sortedZoneKeys': 'DE->FR',
      'source': 'jao.eu',
      'sourceType': <EventSourceType.published: 'published'>,
    }),
    dict({
      'datetime': datetime.datetime(2026, 4, 20, 10, 0, tzinfo=datetime.timezone.utc),
      'end_datetime': None,
      'marketAgreementType': <MarketAgreementType.DAY_AHEAD: 'DAY_AHEAD'>,
      'netFlow': -595.3,
      'scheduledExport': 0.0,
      'scheduledImport': 595.3,
      'sortedZoneKeys': 'DE->FR',
      'source': 'jao.eu',
      'sourceType': <EventSourceType.published: 'published'>,
    }),
    dict({
      'datetime': datetime.datetime(2026, 4, 20, 10, 15, tzinfo=datetime.timezone.utc),
      'end_datetime': None,
      'marketAgreementType': <MarketAgreementType.DAY_AHEAD: 'DAY_AHEAD'>,
      'netFlow': -556.5,
      'scheduledExport': 0.0,
      'scheduledImport': 556.5,
      'sortedZoneKeys': 'DE->FR',
      'source': 'jao.eu',
      'sourceType': <EventSourceType.published: 'published'>,
    }),
    dict({
      'datetime': datetime.datetime(2026, 4, 20, 10, 30, tzinfo=datetime.timezone.utc),
      'end_datetime': None,
      'marketAgreementType': <MarketAgreementType.DAY_AHEAD: 'DAY_AHEAD'>,
      'netFlow': -563.1,
      'scheduledExport': 0.0,
      'scheduledImport': 563.1,
      'sortedZoneKeys': 'DE->FR',
      'source': 'jao.eu',
      'sourceType': <EventSourceType.published: 'published'>,
    }),
    dict({
      'datetime': datetime.datetime(2026, 4, 20, 10, 45, tzinfo=datetime.timezone.utc),
      'end_datetime': None,
      'marketAgreementType': <MarketAgreementType.DAY_AHEAD: 'DAY_AHEAD'>,
      'netFlow': -560.0,
      'scheduledExport': 0.0,
      'scheduledImport': 560.0,
      'sortedZoneKeys': 'DE->FR',
      'source': 'jao.eu',
      'sourceType': <EventSourceType.published: 'published'>,
    }),
    dict({
      'datetime': datetime.datetime(2026, 4, 20, 11, 0, tzinfo=datetime.timezone.utc),
      'end_datetime': None,
      'marketAgreementType': <MarketAgreementType.DAY_AHEAD: 'DAY_AHEAD'>,
      'netFlow': -581.1,
      'scheduledExport': 0.0,
      'scheduledImport': 581.1,
      'sortedZoneKeys': 'DE->FR',
      'source': 'jao.eu',
      'sourceType': <EventSourceType.published: 'published'>,
    }),
    dict({
      'datetime': datetime.datetime(2026, 4, 20, 11, 15, tzinfo=datetime.timezone.utc),
      'end_datetime': None,
      'marketAgreementType': <MarketAgreementType.DAY_AHEAD: 'DAY_AHEAD'>,
      'netFlow': -580.4,
      'scheduledExport': 0.0,
      'scheduledImport': 580.4,
      'sortedZoneKeys': 'DE->FR',
      'source': 'jao.eu',
      'sourceType': <EventSourceType.published: 'published'>,
    }),
    dict({
      'datetime': datetime.datetime(2026, 4, 20, 11, 30, tzinfo=datetime.timezone.utc),
      'end_datetime': None,
      'marketAgreementType': <MarketAgreementType.DAY_AHEAD: 'DAY_AHEAD'>,
      'netFlow': -578.4,
      'scheduledExport': 0.0,
      'scheduledImport': 578.4,
      'sortedZoneKeys': 'DE->FR',
      'source': 'jao.eu',
      'sourceType': <EventSourceType.published: 'published'>,
    }),
    dict({
      'datetime': datetime.datetime(2026, 4, 20, 11, 45, tzinfo=datetime.timezone.utc),
      'end_datetime': None,
      'marketAgreementType': <MarketAgreementType.DAY_AHEAD: 'DAY_AHEAD'>,
      'netFlow': -579.7,
      'scheduledExport': 0.0,
      'scheduledImport': 579.7,
      'sortedZoneKeys': 'DE->FR',
      'source': 'jao.eu',
      'sourceType': <EventSourceType.published: 'published'>,
    }),
    dict({
      'datetime': datetime.datetime(2026, 4, 20, 12, 0, tzinfo=datetime.timezone.utc),
      'end_datetime': None,
      'marketAgreementType': <MarketAgreementType.DAY_AHEAD: 'DAY_AHEAD'>,
      'netFlow': -504.3,
      'scheduledExport': 0.0,
      'scheduledImport': 504.3,
      'sortedZoneKeys': 'DE->FR',
      'source': 'jao.eu',
      'sourceType': <EventSourceType.published: 'published'>,
    }),
    dict({
      'datetime': datetime.datetime(2026, 4, 20, 12, 15, tzinfo=datetime.timezone.utc),
      'end_datetime': None,
      'marketAgreementType': <MarketAgreementType.DAY_AHEAD: 'DAY_AHEAD'>,
      'netFlow': -489.5,
      'scheduledExport': 0.0,
      'scheduledImport': 489.5,
      'sortedZoneKeys': 'DE->FR',
      'source': 'jao.eu',
      'sourceType': <EventSourceType.published: 'published'>,
    }),
    dict({
      'datetime': datetime.datetime(2026, 4, 20, 12, 30, tzinfo=datetime.timezone.utc),
      'end_datetime': None,
      'marketAgreementType': <MarketAgreementType.DAY_AHEAD: 'DAY_AHEAD'>,
      'netFlow': -505.0,
      'scheduledExport': 0.0,
      'scheduledImport': 505.0,
      'sortedZoneKeys': 'DE->FR',
      'source': 'jao.eu',
      'sourceType': <EventSourceType.published: 'published'>,
    }),
    dict({
      'datetime': datetime.datetime(2026, 4, 20, 12, 45, tzinfo=datetime.timezone.utc),
      'end_datetime': None,
      'marketAgreementType': <MarketAgreementType.DAY_AHEAD: 'DAY_AHEAD'>,
      'netFlow': -499.2,
      'scheduledExport': 0.0,
      'scheduledImport': 499.2,
      'sortedZoneKeys': 'DE->FR',
      'source': 'jao.eu',
      'sourceType': <EventSourceType.published: 'published'>,
    }),
    dict({
      'datetime': datetime.datetime(2026, 4, 20, 13, 0, tzinfo=datetime.timezone.utc),
      'end_datetime': None,
      'marketAgreementType': <MarketAgreementType.DAY_AHEAD: 'DAY_AHEAD'>,
      'netFlow': -458.3,
      'scheduledExport': 0.0,
      'scheduledImport': 458.3,
      'sortedZoneKeys': 'DE->FR',
      'source': 'jao.eu',
      'sourceType': <EventSourceType.published: 'published'>,
    }),
    dict({
      'datetime': datetime.datetime(2026, 4, 20, 13, 15, tzinfo=datetime.timezone.utc),
      'end_datetime': None,
      'marketAgreementType': <MarketAgreementType.DAY_AHEAD: 'DAY_AHEAD'>,
      'netFlow': -595.6,
      'scheduledExport': 0.0,
      'scheduledImport': 595.6,
      'sortedZoneKeys': 'DE->FR',
      'source': 'jao.eu',
      'sourceType': <EventSourceType.published: 'published'>,
    }),
    dict({
      'datetime': datetime.datetime(2026, 4, 20, 13, 30, tzinfo=datetime.timezone.utc),
      'end_datetime': None,
      'marketAgreementType': <MarketAgreementType.DAY_AHEAD: 'DAY_AHEAD'>,
      'netFlow': -621.0,
      'scheduledExport': 0.0,
      'scheduledImport': 621.0,
      'sortedZoneKeys': 'DE->FR',
      'source': 'jao.eu',
      'sourceType': <EventSourceType.published: 'published'>,
    }),
    dict({
      'datetime': datetime.datetime(2026, 4, 20, 13, 45, tzinfo=datetime.timezone.utc),
      'end_datetime': None,
      'marketAgreementType': <MarketAgreementType.DAY_AHEAD: 'DAY_AHEAD'>,
      'netFlow': -627.3,
      'scheduledExport': 0.0,
      'scheduledImport': 627.3,
      'sortedZoneKeys': 'DE->FR',
      'source': 'jao.eu',
      'sourceType': <EventSourceType.published: 'published'>,
    }),
    dict({
      'datetime': datetime.datetime(2026, 4, 20, 14, 0, tzinfo=datetime.timezone.utc),
      'end_datetime': None,
      'marketAgreementType': <MarketAgreementType.DAY_AHEAD: 'DAY_AHEAD'>,
      'netFlow': -308.1,
      'scheduledExport': 0.0,
      'scheduledImport': 308.1,
      'sortedZoneKeys': 'DE->FR',
      'source': 'jao.eu',
      'sourceType': <EventSourceType.published: 'published'>,
    }),
    dict({
      'datetime': datetime.datetime(2026, 4, 20, 14, 15, tzinfo=datetime.timezone.utc),
      'end_datetime': None,
      'marketAgreementType': <MarketAgreementType.DAY_AHEAD: 'DAY_AHEAD'>,
      'netFlow': -237.8,
      'scheduledExport': 0.0,
      'scheduledImport': 237.8,
      'sortedZoneKeys': 'DE->FR',
      'source': 'jao.eu',
      'sourceType': <EventSourceType.published: 'published'>,
    }),
    dict({
      'datetime': datetime.datetime(2026, 4, 20, 14, 30, tzinfo=datetime.timezone.utc),
      'end_datetime': None,
      'marketAgreementType': <MarketAgreementType.DAY_AHEAD: 'DAY_AHEAD'>,
      'netFlow': -185.7,
      'scheduledExport': 0.0,
      'scheduledImport': 185.7,
      'sortedZoneKeys': 'DE->FR',
      'source': 'jao.eu',
      'sourceType': <EventSourceType.published: 'published'>,
    }),
    dict({
      'datetime': datetime.datetime(2026, 4, 20, 14, 45, tzinfo=datetime.timezone.utc),
      'end_datetime': None,
      'marketAgreementType': <MarketAgreementType.DAY_AHEAD: 'DAY_AHEAD'>,
      'netFlow': -191.8,
      'scheduledExport': 0.0,
      'scheduledImport': 191.8,
      'sortedZoneKeys': 'DE->FR',
      'source': 'jao.eu',
      'sourceType': <EventSourceType.published: 'published'>,
    }),
    dict({
      'datetime': datetime.datetime(2026, 4, 20, 15, 0, tzinfo=datetime.timezone.utc),
      'end_datetime': None,
      'marketAgreementType': <MarketAgreementType.DAY_AHEAD: 'DAY_AHEAD'>,
      'netFlow': -398.8,
      'scheduledExport': 0.0,
      'scheduledImport': 398.8,
      'sortedZoneKeys': 'DE->FR',
      'source': 'jao.eu',
      'sourceType': <EventSourceType.published: 'published'>,
    }),
    dict({
      'datetime': datetime.datetime(2026, 4, 20, 15, 15, tzinfo=datetime.timezone.utc),
      'end_datetime': None,
      'marketAgreementType': <MarketAgreementType.DAY_AHEAD: 'DAY_AHEAD'>,
      'netFlow': -346.7,
      'scheduledExport': 0.0,
      'scheduledImport': 346.7,
      'sortedZoneKeys': 'DE->FR',
      'source': 'jao.eu',
      'sourceType': <EventSourceType.published: 'published'>,
    }),
    dict({
      'datetime': datetime.datetime(2026, 4, 20, 15, 30, tzinfo=datetime.timezone.utc),
      'end_datetime': None,
      'marketAgreementType': <MarketAgreementType.DAY_AHEAD: 'DAY_AHEAD'>,
      'netFlow': -416.3,
      'scheduledExport': 0.0,
      'scheduledImport': 416.3,
      'sortedZoneKeys': 'DE->FR',
      'source': 'jao.eu',
      'sourceType': <EventSourceType.published: 'published'>,
    }),
    dict({
      'datetime': datetime.datetime(2026, 4, 20, 15, 45, tzinfo=datetime.timezone.utc),
      'end_datetime': None,
      'marketAgreementType': <MarketAgreementType.DAY_AHEAD: 'DAY_AHEAD'>,
      'netFlow': -480.8,
      'scheduledExport': 0.0,
      'scheduledImport': 480.8,
      'sortedZoneKeys': 'DE->FR',
      'source': 'jao.eu',
      'sourceType': <EventSourceType.published: 'published'>,
    }),
    dict({
      'datetime': datetime.datetime(2026, 4, 20, 16, 0, tzinfo=datetime.timezone.utc),
      'end_datetime': None,
      'marketAgreementType': <MarketAgreementType.DAY_AHEAD: 'DAY_AHEAD'>,
      'netFlow': -585.9,
      'scheduledExport': 0.0,
      'scheduledImport': 585.9,
      'sortedZoneKeys': 'DE->FR',
      'source': 'jao.eu',
      'sourceType': <EventSourceType.published: 'published'>,
    }),
    dict({
      'datetime': datetime.datetime(2026, 4, 20, 16, 15, tzinfo=datetime.timezone.utc),
      'end_datetime': None,
      'marketAgreementType': <MarketAgreementType.DAY_AHEAD: 'DAY_AHEAD'>,
      'netFlow': -599.0,
      'scheduledExport': 0.0,
      'scheduledImport': 599.0,
      'sortedZoneKeys': 'DE->FR',
      'source': 'jao.eu',
      'sourceType': <EventSourceType.published: 'published'>,
    }),
    dict({
      'datetime': datetime.datetime(2026, 4, 20, 16, 30, tzinfo=datetime.timezone.utc),
      'end_datetime': None,
      'marketAgreementType': <MarketAgreementType.DAY_AHEAD: 'DAY_AHEAD'>,
      'netFlow': -626.0,
      'scheduledExport': 0.0,
      'scheduledImport': 626.0,
      'sortedZoneKeys': 'DE->FR',
      'source': 'jao.eu',
      'sourceType': <EventSourceType.published: 'published'>,
    }),
    dict({
      'datetime': datetime.datetime(2026, 4, 20, 16, 45, tzinfo=datetime.timezone.utc),
      'end_datetime': None,
      'marketAgreementType': <MarketAgreementType.DAY_AHEAD: 'DAY_AHEAD'>,
      'netFlow': -704.2,
      'scheduledExport': 0.0,
      'scheduledImport': 704.2,
      'sortedZoneKeys': 'DE->FR',
      'source': 'jao.eu',
      'sourceType': <EventSourceType.published: 'published'>,
    }),
    dict({
      'datetime': datetime.datetime(2026, 4, 20, 17, 0, tzinfo=datetime.timezone.utc),
      'end_datetime': None,
      'marketAgreementType': <MarketAgreementType.DAY_AHEAD: 'DAY_AHEAD'>,
      'netFlow': -686.7,
      'scheduledExport': 0.0,
      'scheduledImport': 686.7,
      'sortedZoneKeys': 'DE->FR',
      'source': 'jao.eu',
      'sourceType': <EventSourceType.published: 'published'>,
    }),
    dict({
      'datetime': datetime.datetime(2026, 4, 20, 17, 15, tzinfo=datetime.timezone.utc),
      'end_datetime': None,
      'marketAgreementType': <MarketAgreementType.DAY_AHEAD: 'DAY_AHEAD'>,
      'netFlow': -692.4,
      'scheduledExport': 0.0,
      'scheduledImport': 692.4,
      'sortedZoneKeys': 'DE->FR',
      'source': 'jao.eu',
      'sourceType': <EventSourceType.published: 'published'>,
    }),
    dict({
      'datetime': datetime.datetime(2026, 4, 20, 17, 30, tzinfo=datetime.timezone.utc),
      'end_datetime': None,
      'marketAgreementType': <MarketAgreementType.DAY_AHEAD: 'DAY_AHEAD'>,
      'netFlow': -697.3,
      'scheduledExport': 0.0,
      'scheduledImport': 697.3,
      'sortedZoneKeys': 'DE->FR',
      'source': 'jao.eu',
      'sourceType': <EventSourceType.published: 'published'>,
    }),
    dict({
      'datetime': datetime.datetime(2026, 4, 20, 17, 45, tzinfo=datetime.timezone.utc),
      'end_datetime': None,
      'marketAgreementType': <MarketAgreementType.DAY_AHEAD: 'DAY_AHEAD'>,
      'netFlow': -630.2,
      'scheduledExport': 0.0,
      'scheduledImport': 630.2,
      'sortedZoneKeys': 'DE->FR',
      'source': 'jao.eu',
      'sourceType': <EventSourceType.published: 'published'>,
    }),
    dict({
      'datetime': datetime.datetime(2026, 4, 20, 18, 0, tzinfo=datetime.timezone.utc),
      'end_datetime': None,
      'marketAgreementType': <MarketAgreementType.DAY_AHEAD: 'DAY_AHEAD'>,
      'netFlow': -694.3,
      'scheduledExport': 0.0,
      'scheduledImport': 694.3,
      'sortedZoneKeys': 'DE->FR',
      'source': 'jao.eu',
      'sourceType': <EventSourceType.published: 'published'>,
    }),
    dict({
      'datetime': datetime.datetime(2026, 4, 20, 18, 15, tzinfo=datetime.timezone.utc),
      'end_datetime': None,
      'marketAgreementType': <MarketAgreementType.DAY_AHEAD: 'DAY_AHEAD'>,
      'netFlow': -701.2,
      'scheduledExport': 0.0,
      'scheduledImport': 701.2,
      'sortedZoneKeys': 'DE->FR',
      'source': 'jao.eu',
      'sourceType': <EventSourceType.published: 'published'>,
    }),
    dict({
      'datetime': datetime.datetime(2026, 4, 20, 18, 30, tzinfo=datetime.timezone.utc),
      'end_datetime': None,
      'marketAgreementType': <MarketAgreementType.DAY_AHEAD: 'DAY_AHEAD'>,
      'netFlow': -690.7,
      'scheduledExport': 0.0,
      'scheduledImport': 690.7,
      'sortedZoneKeys': 'DE->FR',
      'source': 'jao.eu',
      'sourceType': <EventSourceType.published: 'published'>,
    }),
    dict({
      'datetime': datetime.datetime(2026, 4, 20, 18, 45, tzinfo=datetime.timezone.utc),
      'end_datetime': None,
      'marketAgreementType': <MarketAgreementType.DAY_AHEAD: 'DAY_AHEAD'>,
      'netFlow': -706.4,
      'scheduledExport': 0.0,
      'scheduledImport': 706.4,
      'sortedZoneKeys': 'DE->FR',
      'source': 'jao.eu',
      'sourceType': <EventSourceType.published: 'published'>,
    }),
    dict({
      'datetime': datetime.datetime(2026, 4, 20, 19, 0, tzinfo=datetime.timezone.utc),
      'end_datetime': None,
      'marketAgreementType': <MarketAgreementType.DAY_AHEAD: 'DAY_AHEAD'>,
      'netFlow': -341.7,
      'scheduledExport': 0.0,
      'scheduledImport': 341.7,
      'sortedZoneKeys': 'DE->FR',
      'source': 'jao.eu',
      'sourceType': <EventSourceType.published: 'published'>,
    }),
    dict({
      'datetime': datetime.datetime(2026, 4, 20, 19, 15, tzinfo=datetime.timezone.utc),
      'end_datetime': None,
      'marketAgreementType': <MarketAgreementType.DAY_AHEAD: 'DAY_AHEAD'>,
      'netFlow': -393.2,
      'scheduledExport': 0.0,
      'scheduledImport': 393.2,
      'sortedZoneKeys': 'DE->FR',
      'source': 'jao.eu',
      'sourceType': <EventSourceType.published: 'published'>,
    }),
    dict({
      'datetime': datetime.datetime(2026, 4, 20, 19, 30, tzinfo=datetime.timezone.utc),
      'end_datetime': None,
      'marketAgreementType': <MarketAgreementType.DAY_AHEAD: 'DAY_AHEAD'>,
      'netFlow': -442.0,
      'scheduledExport': 0.0,
      'scheduledImport': 442.0,
      'sortedZoneKeys': 'DE->FR',
      'source': 'jao.eu',
      'sourceType': <EventSourceType.published: 'published'>,
    }),
    dict({
      'datetime': datetime.datetime(2026, 4, 20, 19, 45, tzinfo=datetime.timezone.utc),
      'end_datetime': None,
      'marketAgreementType': <MarketAgreementType.DAY_AHEAD: 'DAY_AHEAD'>,
      'netFlow': -443.6,
      'scheduledExport': 0.0,
      'scheduledImport': 443.6,
      'sortedZoneKeys': 'DE->FR',
      'source': 'jao.eu',
      'sourceType': <EventSourceType.published: 'published'>,
    }),
    dict({
      'datetime': datetime.datetime(2026, 4, 20, 20, 0, tzinfo=datetime.timezone.utc),
      'end_datetime': None,
      'marketAgreementType': <MarketAgreementType.DAY_AHEAD: 'DAY_AHEAD'>,
      'netFlow': 20.9,
      'scheduledExport': 20.9,
      'scheduledImport': 0.0,
      'sortedZoneKeys': 'DE->FR',
      'source': 'jao.eu',
      'sourceType': <EventSourceType.published: 'published'>,
    }),
    dict({
      'datetime': datetime.datetime(2026, 4, 20, 20, 15, tzinfo=datetime.timezone.utc),
      'end_datetime': None,
      'marketAgreementType': <MarketAgreementType.DAY_AHEAD: 'DAY_AHEAD'>,
      'netFlow': -29.4,
      'scheduledExport': 0.0,
      'scheduledImport': 29.4,
      'sortedZoneKeys': 'DE->FR',
      'source': 'jao.eu',
      'sourceType': <EventSourceType.published: 'published'>,
    }),
    dict({
      'datetime': datetime.datetime(2026, 4, 20, 20, 30, tzinfo=datetime.timezone.utc),
      'end_datetime': None,
      'marketAgreementType': <MarketAgreementType.DAY_AHEAD: 'DAY_AHEAD'>,
      'netFlow': 1.7,
      'scheduledExport': 1.7,
      'scheduledImport': 0.0,
      'sortedZoneKeys': 'DE->FR',
      'source': 'jao.eu',
      'sourceType': <EventSourceType.published: 'published'>,
    }),
    dict({
      'datetime': datetime.datetime(2026, 4, 20, 20, 45, tzinfo=datetime.timezone.utc),
      'end_datetime': None,
      'marketAgreementType': <MarketAgreementType.DAY_AHEAD: 'DAY_AHEAD'>,
      'netFlow': -71.0,
      'scheduledExport': 0.0,
      'scheduledImport': 71.0,
      'sortedZoneKeys': 'DE->FR',
      'source': 'jao.eu',
      'sourceType': <EventSourceType.published: 'published'>,
    }),
    dict({
      'datetime': datetime.datetime(2026, 4, 20, 21, 0, tzinfo=datetime.timezone.utc),
      'end_datetime': None,
      'marketAgreementType': <MarketAgreementType.DAY_AHEAD: 'DAY_AHEAD'>,
      'netFlow': 4.9,
      'scheduledExport': 4.9,
      'scheduledImport': 0.0,
      'sortedZoneKeys': 'DE->FR',
      'source': 'jao.eu',
      'sourceType': <EventSourceType.published: 'published'>,
    }),
    dict({
      'datetime': datetime.datetime(2026, 4, 20, 21, 15, tzinfo=datetime.timezone.utc),
      'end_datetime': None,
      'marketAgreementType': <MarketAgreementType.DAY_AHEAD: 'DAY_AHEAD'>,
      'netFlow': 21.6,
      'scheduledExport': 21.6,
      'scheduledImport': 0.0,
      'sortedZoneKeys': 'DE->FR',
      'source': 'jao.eu',
      'sourceType': <EventSourceType.published: 'published'>,
    }),
    dict({
      'datetime': datetime.datetime(2026, 4, 20, 21, 30, tzinfo=datetime.timezone.utc),
      'end_datetime': None,
      'marketAgreementType': <MarketAgreementType.DAY_AHEAD: 'DAY_AHEAD'>,
      'netFlow': 37.2,
      'scheduledExport': 37.2,
      'scheduledImport': 0.0,
      'sortedZoneKeys': 'DE->FR',
      'source': 'jao.eu',
      'sourceType': <EventSourceType.published: 'published'>,
    }),
    dict({
      'datetime': datetime.datetime(2026, 4, 20, 21, 45, tzinfo=datetime.timezone.utc),
      'end_datetime': None,
      'marketAgreementType': <MarketAgreementType.DAY_AHEAD: 'DAY_AHEAD'>,
      'netFlow': -9.4,
      'scheduledExport': 0.0,
      'scheduledImport': 9.4,
      'sortedZoneKeys': 'DE->FR',
      'source': 'jao.eu',
      'sourceType': <EventSourceType.published: 'published'>,
    }),
    dict({
      'datetime': datetime.datetime(2026, 4, 20, 22, 0, tzinfo=datetime.timezone.utc),
      'end_datetime': None,
      'marketAgreementType': <MarketAgreementType.DAY_AHEAD: 'DAY_AHEAD'>,
      'netFlow': 19.3,
      'scheduledExport': 19.3,
      'scheduledImport': 0.0,
      'sortedZoneKeys': 'DE->FR',
      'source': 'jao.eu',
      'sourceType': <EventSourceType.published: 'published'>,
    }),
    dict({
      'datetime': datetime.datetime(2026, 4, 20, 22, 15, tzinfo=datetime.timezone.utc),
      'end_datetime': None,
      'marketAgreementType': <MarketAgreementType.DAY_AHEAD: 'DAY_AHEAD'>,
      'netFlow': 27.4,
      'scheduledExport': 27.4,
      'scheduledImport': 0.0,
      'sortedZoneKeys': 'DE->FR',
      'source': 'jao.eu',
      'sourceType': <EventSourceType.published: 'published'>,
    }),
    dict({
      'datetime': datetime.datetime(2026, 4, 20, 22, 30, tzinfo=datetime.timezone.utc),
      'end_datetime': None,
      'marketAgreementType': <MarketAgreementType.DAY_AHEAD: 'DAY_AHEAD'>,
      'netFlow': 43.4,
      'scheduledExport': 43.4,
      'scheduledImport': 0.0,
      'sortedZoneKeys': 'DE->FR',
      'source': 'jao.eu',
      'sourceType': <EventSourceType.published: 'published'>,
    }),
    dict({
      'datetime': datetime.datetime(2026, 4, 20, 22, 45, tzinfo=datetime.timezone.utc),
      'end_datetime': None,
      'marketAgreementType': <MarketAgreementType.DAY_AHEAD: 'DAY_AHEAD'>,
      'netFlow': 39.1,
      'scheduledExport': 39.1,
      'scheduledImport': 0.0,
      'sortedZoneKeys': 'DE->FR',
      'source': 'jao.eu',
      'sourceType': <EventSourceType.published: 'published'>,
    }),
    dict({
      'datetime': datetime.datetime(2026, 4, 20, 23, 0, tzinfo=datetime.timezone.utc),
      'end_datetime': None,
      'marketAgreementType': <MarketAgreementType.DAY_AHEAD: 'DAY_AHEAD'>,
      'netFlow': -57.7,
      'scheduledExport': 0.0,
      'scheduledImport': 57.7,
      'sortedZoneKeys': 'DE->FR',
      'source': 'jao.eu',
      'sourceType': <EventSourceType.published: 'published'>,
    }),
    dict({
      'datetime': datetime.datetime(2026, 4, 20, 23, 15, tzinfo=datetime.timezone.utc),
      'end_datetime': None,
      'marketAgreementType': <MarketAgreementType.DAY_AHEAD: 'DAY_AHEAD'>,
      'netFlow': -61.9,
      'scheduledExport': 0.0,
      'scheduledImport': 61.9,
      'sortedZoneKeys': 'DE->FR',
      'source': 'jao.eu',
      'sourceType': <EventSourceType.published: 'published'>,
    }),
    dict({
      'datetime': datetime.datetime(2026, 4, 20, 23, 30, tzinfo=datetime.timezone.utc),
      'end_datetime': None,
      'marketAgreementType': <MarketAgreementType.DAY_AHEAD: 'DAY_AHEAD'>,
      'netFlow': -75.2,
      'scheduledExport': 0.0,
      'scheduledImport': 75.2,
      'sortedZoneKeys': 'DE->FR',
      'source': 'jao.eu',
      'sourceType': <EventSourceType.published: 'published'>,
    }),
    dict({
      'datetime': datetime.datetime(2026, 4, 20, 23, 45, tzinfo=datetime.timezone.utc),
      'end_datetime': None,
      'marketAgreementType': <MarketAgreementType.DAY_AHEAD: 'DAY_AHEAD'>,
      'netFlow': -77.5,
      'scheduledExport': 0.0,
      'scheduledImport': 77.5,
      'sortedZoneKeys': 'DE->FR',
      'source': 'jao.eu',
      'sourceType': <EventSourceType.published: 'published'>,
    }),
    dict({
      'datetime': datetime.datetime(2026, 4, 21, 0, 0, tzinfo=datetime.timezone.utc),
      'end_datetime': None,
      'marketAgreementType': <MarketAgreementType.DAY_AHEAD: 'DAY_AHEAD'>,
      'netFlow': -94.5,
      'scheduledExport': 0.0,
      'scheduledImport': 94.5,
      'sortedZoneKeys': 'DE->FR',
      'source': 'jao.eu',
      'sourceType': <EventSourceType.published: 'published'>,
    }),
    dict({
      'datetime': datetime.datetime(2026, 4, 21, 0, 15, tzinfo=datetime.timezone.utc),
      'end_datetime': None,
      'marketAgreementType': <MarketAgreementType.DAY_AHEAD: 'DAY_AHEAD'>,
      'netFlow': -106.4,
      'scheduledExport': 0.0,
      'scheduledImport': 106.4,
      'sortedZoneKeys': 'DE->FR',
      'source': 'jao.eu',
      'sourceType': <EventSourceType.published: 'published'>,
    }),
    dict({
      'datetime': datetime.datetime(2026, 4, 21, 0, 30, tzinfo=datetime.timezone.utc),
      'end_datetime': None,
      'marketAgreementType': <MarketAgreementType.DAY_AHEAD: 'DAY_AHEAD'>,
      'netFlow': -133.5,
      'scheduledExport': 0.0,
      'scheduledImport': 133.5,
      'sortedZoneKeys': 'DE->FR',
      'source': 'jao.eu',
      'sourceType': <EventSourceType.published: 'published'>,
    }),
    dict({
      'datetime': datetime.datetime(2026, 4, 21, 0, 45, tzinfo=datetime.timezone.utc),
      'end_datetime': None,
      'marketAgreementType': <MarketAgreementType.DAY_AHEAD: 'DAY_AHEAD'>,
      'netFlow': -135.0,
      'scheduledExport': 0.0,
      'scheduledImport': 135.0,
      'sortedZoneKeys': 'DE->FR',
      'source': 'jao.eu',
      'sourceType': <EventSourceType.published: 'published'>,
    }),
    dict({
      'datetime': datetime.datetime(2026, 4, 21, 1, 0, tzinfo=datetime.timezone.utc),
      'end_datetime': None,
      'marketAgreementType': <MarketAgreementType.DAY_AHEAD: 'DAY_AHEAD'>,
      'netFlow': -241.4,
      'scheduledExport': 0.0,
      'scheduledImport': 241.4,
      'sortedZoneKeys': 'DE->FR',
      'source': 'jao.eu',
      'sourceType': <EventSourceType.published: 'published'>,
    }),
    dict({
      'datetime': datetime.datetime(2026, 4, 21, 1, 15, tzinfo=datetime.timezone.utc),
      'end_datetime': None,
      'marketAgreementType': <MarketAgreementType.DAY_AHEAD: 'DAY_AHEAD'>,
      'netFlow': -240.8,
      'scheduledExport': 0.0,
      'scheduledImport': 240.8,
      'sortedZoneKeys': 'DE->FR',
      'source': 'jao.eu',
      'sourceType': <EventSourceType.published: 'published'>,
    }),
    dict({
      'datetime': datetime.datetime(2026, 4, 21, 1, 30, tzinfo=datetime.timezone.utc),
      'end_datetime': None,
      'marketAgreementType': <MarketAgreementType.DAY_AHEAD: 'DAY_AHEAD'>,
      'netFlow': -272.4,
      'scheduledExport': 0.0,
      'scheduledImport': 272.4,
      'sortedZoneKeys': 'DE->FR',
      'source': 'jao.eu',
      'sourceType': <EventSourceType.published: 'published'>,
    }),
    dict({
      'datetime': datetime.datetime(2026, 4, 21, 1, 45, tzinfo=datetime.timezone.utc),
      'end_datetime': None,
      'marketAgreementType': <MarketAgreementType.DAY_AHEAD: 'DAY_AHEAD'>,
      'netFlow': -276.6,
      'scheduledExport': 0.0,
      'scheduledImport': 276.6,
      'sortedZoneKeys': 'DE->FR',
      'source': 'jao.eu',
      'sourceType': <EventSourceType.published: 'published'>,
    }),
    dict({
      'datetime': datetime.datetime(2026, 4, 21, 2, 0, tzinfo=datetime.timezone.utc),
      'end_datetime': None,
      'marketAgreementType': <MarketAgreementType.DAY_AHEAD: 'DAY_AHEAD'>,
      'netFlow': -369.4,
      'scheduledExport': 0.0,
      'scheduledImport': 369.4,
      'sortedZoneKeys': 'DE->FR',
      'source': 'jao.eu',
      'sourceType': <EventSourceType.published: 'published'>,
    }),
    dict({
      'datetime': datetime.datetime(2026, 4, 21, 2, 15, tzinfo=datetime.timezone.utc),
      'end_datetime': None,
      'marketAgreementType': <MarketAgreementType.DAY_AHEAD: 'DAY_AHEAD'>,
      'netFlow': -429.1,
      'scheduledExport': 0.0,
      'scheduledImport': 429.1,
      'sortedZoneKeys': 'DE->FR',
      'source': 'jao.eu',
      'sourceType': <EventSourceType.published: 'published'>,
    }),
    dict({
      'datetime': datetime.datetime(2026, 4, 21, 2, 30, tzinfo=datetime.timezone.utc),
      'end_datetime': None,
      'marketAgreementType': <MarketAgreementType.DAY_AHEAD: 'DAY_AHEAD'>,
      'netFlow': -468.1,
      'scheduledExport': 0.0,
      'scheduledImport': 468.1,
      'sortedZoneKeys': 'DE->FR',
      'source': 'jao.eu',
      'sourceType': <EventSourceType.published: 'published'>,
    }),
    dict({
      'datetime': datetime.datetime(2026, 4, 21, 2, 45, tzinfo=datetime.timezone.utc),
      'end_datetime': None,
      'marketAgreementType': <MarketAgreementType.DAY_AHEAD: 'DAY_AHEAD'>,
      'netFlow': -460.0,
      'scheduledExport': 0.0,
      'scheduledImport': 460.0,
      'sortedZoneKeys': 'DE->FR',
      'source': 'jao.eu',
      'sourceType': <EventSourceType.published: 'published'>,
    }),
    dict({
      'datetime': datetime.datetime(2026, 4, 21, 3, 0, tzinfo=datetime.timezone.utc),
      'end_datetime': None,
      'marketAgreementType': <MarketAgreementType.DAY_AHEAD: 'DAY_AHEAD'>,
      'netFlow': -388.1,
      'scheduledExport': 0.0,
      'scheduledImport': 388.1,
      'sortedZoneKeys': 'DE->FR',
      'source': 'jao.eu',
      'sourceType': <EventSourceType.published: 'published'>,
    }),
    dict({
      'datetime': datetime.datetime(2026, 4, 21, 3, 15, tzinfo=datetime.timezone.utc),
      'end_datetime': None,
      'marketAgreementType': <MarketAgreementType.DAY_AHEAD: 'DAY_AHEAD'>,
      'netFlow': -410.0,
      'scheduledExport': 0.0,
      'scheduledImport': 410.0,
      'sortedZoneKeys': 'DE->FR',
      'source': 'jao.eu',
      'sourceType': <EventSourceType.published: 'published'>,
    }),
    dict({
      'datetime': datetime.datetime(2026, 4, 21, 3, 30, tzinfo=datetime.timezone.utc),
      'end_datetime': None,
      'marketAgreementType': <MarketAgreementType.DAY_AHEAD: 'DAY_AHEAD'>,
      'netFlow': -425.4,
      'scheduledExport': 0.0,
      'scheduledImport': 425.4,
      'sortedZoneKeys': 'DE->FR',
      'source': 'jao.eu',
      'sourceType': <EventSourceType.published: 'published'>,
    }),
    dict({
      'datetime': datetime.datetime(2026, 4, 21, 3, 45, tzinfo=datetime.timezone.utc),
      'end_datetime': None,
      'marketAgreementType': <MarketAgreementType.DAY_AHEAD: 'DAY_AHEAD'>,
      'netFlow': -423.9,
      'scheduledExport': 0.0,
      'scheduledImport': 423.9,
      'sortedZoneKeys': 'DE->FR',
      'source': 'jao.eu',
      'sourceType': <EventSourceType.published: 'published'>,
    }),
    dict({
      'datetime': datetime.datetime(2026, 4, 21, 4, 0, tzinfo=datetime.timezone.utc),
      'end_datetime': None,
      'marketAgreementType': <MarketAgreementType.DAY_AHEAD: 'DAY_AHEAD'>,
      'netFlow': -937.1,
      'scheduledExport': 0.0,
      'scheduledImport': 937.1,
      'sortedZoneKeys': 'DE->FR',
      'source': 'jao.eu',
      'sourceType': <EventSourceType.published: 'published'>,
    }),
    dict({
      'datetime': datetime.datetime(2026, 4, 21, 4, 15, tzinfo=datetime.timezone.utc),
      'end_datetime': None,
      'marketAgreementType': <MarketAgreementType.DAY_AHEAD: 'DAY_AHEAD'>,
      'netFlow': -982.0,
      'scheduledExport': 0.0,
      'scheduledImport': 982.0,
      'sortedZoneKeys': 'DE->FR',
      'source': 'jao.eu',
      'sourceType': <EventSourceType.published: 'published'>,
    }),
    dict({
      'datetime': datetime.datetime(2026, 4, 21, 4, 30, tzinfo=datetime.timezone.utc),
      'end_datetime': None,
      'marketAgreementType': <MarketAgreementType.DAY_AHEAD: 'DAY_AHEAD'>,
      'netFlow': -994.2,
      'scheduledExport': 0.0,
      'scheduledImport': 994.2,
      'sortedZoneKeys': 'DE->FR',
      'source': 'jao.eu',
      'sourceType': <EventSourceType.published: 'published'>,
    }),
    dict({
      'datetime': datetime.datetime(2026, 4, 21, 4, 45, tzinfo=datetime.timezone.utc),
      'end_datetime': None,
      'marketAgreementType': <MarketAgreementType.DAY_AHEAD: 'DAY_AHEAD'>,
      'netFlow': -969.0,
      'scheduledExport': 0.0,
      'scheduledImport': 969.0,
      'sortedZoneKeys': 'DE->FR',
      'source': 'jao.eu',
      'sourceType': <EventSourceType.published: 'published'>,
    }),
    dict({
      'datetime': datetime.datetime(2026, 4, 21, 5, 0, tzinfo=datetime.timezone.utc),
      'end_datetime': None,
      'marketAgreementType': <MarketAgreementType.DAY_AHEAD: 'DAY_AHEAD'>,
      'netFlow': -807.6,
      'scheduledExport': 0.0,
      'scheduledImport': 807.6,
      'sortedZoneKeys': 'DE->FR',
      'source': 'jao.eu',
      'sourceType': <EventSourceType.published: 'published'>,
    }),
    dict({
      'datetime': datetime.datetime(2026, 4, 21, 5, 15, tzinfo=datetime.timezone.utc),
      'end_datetime': None,
      'marketAgreementType': <MarketAgreementType.DAY_AHEAD: 'DAY_AHEAD'>,
      'netFlow': -730.7,
      'scheduledExport': 0.0,
      'scheduledImport': 730.7,
      'sortedZoneKeys': 'DE->FR',
      'source': 'jao.eu',
      'sourceType': <EventSourceType.published: 'published'>,
    }),
    dict({
      'datetime': datetime.datetime(2026, 4, 21, 5, 30, tzinfo=datetime.timezone.utc),
      'end_datetime': None,
      'marketAgreementType': <MarketAgreementType.DAY_AHEAD: 'DAY_AHEAD'>,
      'netFlow': -755.2,
      'scheduledExport': 0.0,
      'scheduledImport': 755.2,
      'sortedZoneKeys': 'DE->FR',
      'source': 'jao.eu',
      'sourceType': <EventSourceType.published: 'published'>,
    }),
    dict({
      'datetime': datetime.datetime(2026, 4, 21, 5, 45, tzinfo=datetime.timezone.utc),
      'end_datetime': None,
      'marketAgreementType': <MarketAgreementType.DAY_AHEAD: 'DAY_AHEAD'>,
      'netFlow': -740.0,
      'scheduledExport': 0.0,
      'scheduledImport': 740.0,
      'sortedZoneKeys': 'DE->FR',
      'source': 'jao.eu',
      'sourceType': <EventSourceType.published: 'published'>,
    }),
    dict({
      'datetime': datetime.datetime(2026, 4, 21, 6, 0, tzinfo=datetime.timezone.utc),
      'end_datetime': None,
      'marketAgreementType': <MarketAgreementType.DAY_AHEAD: 'DAY_AHEAD'>,
      'netFlow': -729.9,
      'scheduledExport': 0.0,
      'scheduledImport': 729.9,
      'sortedZoneKeys': 'DE->FR',
      'source': 'jao.eu',
      'sourceType': <EventSourceType.published: 'published'>,
    }),
    dict({
      'datetime': datetime.datetime(2026, 4, 21, 6, 15, tzinfo=datetime.timezone.utc),
      'end_datetime': None,
      'marketAgreementType': <MarketAgreementType.DAY_AHEAD: 'DAY_AHEAD'>,
      'netFlow': -758.8,
      'scheduledExport': 0.0,
      'scheduledImport': 758.8,
      'sortedZoneKeys': 'DE->FR',
      'source': 'jao.eu',
      'sourceType': <EventSourceType.published: 'published'>,
    }),
    dict({
      'datetime': datetime.datetime(2026, 4, 21, 6, 30, tzinfo=datetime.timezone.utc),
      'end_datetime': None,
      'marketAgreementType': <MarketAgreementType.DAY_AHEAD: 'DAY_AHEAD'>,
      'netFlow': -837.0,
      'scheduledExport': 0.0,
      'scheduledImport': 837.0,
      'sortedZoneKeys': 'DE->FR',
      'source': 'jao.eu',
      'sourceType': <EventSourceType.published: 'published'>,
    }),
    dict({
      'datetime': datetime.datetime(2026, 4, 21, 6, 45, tzinfo=datetime.timezone.utc),
      'end_datetime': None,
      'marketAgreementType': <MarketAgreementType.DAY_AHEAD: 'DAY_AHEAD'>,
      'netFlow': -894.4,
      'scheduledExport': 0.0,
      'scheduledImport': 894.4,
      'sortedZoneKeys': 'DE->FR',
      'source': 'jao.eu',
      'sourceType': <EventSourceType.published: 'published'>,
    }),
    dict({
      'datetime': datetime.datetime(2026, 4, 21, 7, 0, tzinfo=datetime.timezone.utc),
      'end_datetime': None,
      'marketAgreementType': <MarketAgreementType.DAY_AHEAD: 'DAY_AHEAD'>,
      'netFlow': -797.6,
      'scheduledExport': 0.0,
      'scheduledImport': 797.6,
      'sortedZoneKeys': 'DE->FR',
      'source': 'jao.eu',
      'sourceType': <EventSourceType.published: 'published'>,
    }),
    dict({
      'datetime': datetime.datetime(2026, 4, 21, 7, 15, tzinfo=datetime.timezone.utc),
      'end_datetime': None,
      'marketAgreementType': <MarketAgreementType.DAY_AHEAD: 'DAY_AHEAD'>,
      'netFlow': -742.4,
      'scheduledExport': 0.0,
      'scheduledImport': 742.4,
      'sortedZoneKeys': 'DE->FR',
      'source': 'jao.eu',
      'sourceType': <EventSourceType.published: 'published'>,
    }),
    dict({
      'datetime': datetime.datetime(2026, 4, 21, 7, 30, tzinfo=datetime.timezone.utc),
      'end_datetime': None,
      'marketAgreementType': <MarketAgreementType.DAY_AHEAD: 'DAY_AHEAD'>,
      'netFlow': -716.5,
      'scheduledExport': 0.0,
      'scheduledImport': 716.5,
      'sortedZoneKeys': 'DE->FR',
      'source': 'jao.eu',
      'sourceType': <EventSourceType.published: 'published'>,
    }),
    dict({
      'datetime': datetime.datetime(2026, 4, 21, 7, 45, tzinfo=datetime.timezone.utc),
      'end_datetime': None,
      'marketAgreementType': <MarketAgreementType.DAY_AHEAD: 'DAY_AHEAD'>,
      'netFlow': -778.2,
      'scheduledExport': 0.0,
      'scheduledImport': 778.2,
      'sortedZoneKeys': 'DE->FR',
      'source': 'jao.eu',
      'sourceType': <EventSourceType.published: 'published'>,
    }),
    dict({
      'datetime': datetime.datetime(2026, 4, 21, 8, 0, tzinfo=datetime.timezone.utc),
      'end_datetime': None,
      'marketAgreementType': <MarketAgreementType.DAY_AHEAD: 'DAY_AHEAD'>,
      'netFlow': -799.6,
      'scheduledExport': 0.0,
      'scheduledImport': 799.6,
      'sortedZoneKeys': 'DE->FR',
      'source': 'jao.eu',
      'sourceType': <EventSourceType.published: 'published'>,
    }),
    dict({
      'datetime': datetime.datetime(2026, 4, 21, 8, 15, tzinfo=datetime.timezone.utc),
      'end_datetime': None,
      'marketAgreementType': <MarketAgreementType.DAY_AHEAD: 'DAY_AHEAD'>,
      'netFlow': -953.3,
      'scheduledExport': 0.0,
      'scheduledImport': 953.3,
      'sortedZoneKeys': 'DE->FR',
      'source': 'jao.eu',
      'sourceType': <EventSourceType.published: 'published'>,
    }),
    dict({
      'datetime': datetime.datetime(2026, 4, 21, 8, 30, tzinfo=datetime.timezone.utc),
      'end_datetime': None,
      'marketAgreementType': <MarketAgreementType.DAY_AHEAD: 'DAY_AHEAD'>,
      'netFlow': -1019.8,
      'scheduledExport': 0.0,
      'scheduledImport': 1019.8,
      'sortedZoneKeys': 'DE->FR',
      'source': 'jao.eu',
      'sourceType': <EventSourceType.published: 'published'>,
    }),
    dict({
      'datetime': datetime.datetime(2026, 4, 21, 8, 45, tzinfo=datetime.timezone.utc),
      'end_datetime': None,
      'marketAgreementType': <MarketAgreementType.DAY_AHEAD: 'DAY_AHEAD'>,
      'netFlow': -1123.3,
      'scheduledExport': 0.0,
      'scheduledImport': 1123.3,
      'sortedZoneKeys': 'DE->FR',
      'source': 'jao.eu',
      'sourceType': <EventSourceType.published: 'published'>,
    }),
    dict({
      'datetime': datetime.datetime(2026, 4, 21, 9, 0, tzinfo=datetime.timezone.utc),
      'end_datetime': None,
      'marketAgreementType': <MarketAgreementType.DAY_AHEAD: 'DAY_AHEAD'>,
      'netFlow': -1331.5,
      'scheduledExport': 0.0,
      'scheduledImport': 1331.5,
      'sortedZoneKeys': 'DE->FR',
      'source': 'jao.eu',
      'sourceType': <EventSourceType.published: 'published'>,
    }),
    dict({
      'datetime': datetime.datetime(2026, 4, 21, 9, 15, tzinfo=datetime.timezone.utc),
      'end_datetime': None,
      'marketAgreementType': <MarketAgreementType.DAY_AHEAD: 'DAY_AHEAD'>,
      'netFlow': -1386.5,
      'scheduledExport': 0.0,
      'scheduledImport': 1386.5,
      'sortedZoneKeys': 'DE->FR',
      'source': 'jao.eu',
      'sourceType': <EventSourceType.published: 'published'>,
    }),
    dict({
      'datetime': datetime.datetime(2026, 4, 21, 9, 30, tzinfo=datetime.timezone.utc),
      'end_datetime': None,
      'marketAgreementType': <MarketAgreementType.DAY_AHEAD: 'DAY_AHEAD'>,
      'netFlow': -1373.5,
      'scheduledExport': 0.0,
      'scheduledImport': 1373.5,
      'sortedZoneKeys': 'DE->FR',
      'source': 'jao.eu',
      'sourceType': <EventSourceType.published: 'published'>,
    }),
    dict({
      'datetime': datetime.datetime(2026, 4, 21, 9, 45, tzinfo=datetime.timezone.utc),
      'end_datetime': None,
      'marketAgreementType': <MarketAgreementType.DAY_AHEAD: 'DAY_AHEAD'>,
      'netFlow': -1393.7,
      'scheduledExport': 0.0,
      'scheduledImport': 1393.7,
      'sortedZoneKeys': 'DE->FR',
      'source': 'jao.eu',
      'sourceType': <EventSourceType.published: 'published'>,
    }),
    dict({
      'datetime': datetime.datetime(2026, 4, 21, 10, 0, tzinfo=datetime.timezone.utc),
      'end_datetime': None,
      'marketAgreementType': <MarketAgreementType.DAY_AHEAD: 'DAY_AHEAD'>,
      'netFlow': -744.4,
      'scheduledExport': 0.0,
      'scheduledImport': 744.4,
      'sortedZoneKeys': 'DE->FR',
      'source': 'jao.eu',
      'sourceType': <EventSourceType.published: 'published'>,
    }),
    dict({
      'datetime': datetime.datetime(2026, 4, 21, 10, 15, tzinfo=datetime.timezone.utc),
      'end_datetime': None,
      'marketAgreementType': <MarketAgreementType.DAY_AHEAD: 'DAY_AHEAD'>,
      'netFlow': -397.0,
      'scheduledExport': 0.0,
      'scheduledImport': 397.0,
      'sortedZoneKeys': 'DE->FR',
      'source': 'jao.eu',
      'sourceType': <EventSourceType.published: 'published'>,
    }),
    dict({
      'datetime': datetime.datetime(2026, 4, 21, 10, 30, tzinfo=datetime.timezone.utc),
      'end_datetime': None,
      'marketAgreementType': <MarketAgreementType.DAY_AHEAD: 'DAY_AHEAD'>,
      'netFlow': -524.9,
      'scheduledExport': 0.0,
      'scheduledImport': 524.9,
      'sortedZoneKeys': 'DE->FR',
      'source': 'jao.eu',
      'sourceType': <EventSourceType.published: 'published'>,
    }),
    dict({
      'datetime': datetime.datetime(2026, 4, 21, 10, 45, tzinfo=datetime.timezone.utc),
      'end_datetime': None,
      'marketAgreementType': <MarketAgreementType.DAY_AHEAD: 'DAY_AHEAD'>,
      'netFlow': -401.6,
      'scheduledExport': 0.0,
      'scheduledImport': 401.6,
      'sortedZoneKeys': 'DE->FR',
      'source': 'jao.eu',
      'sourceType': <EventSourceType.published: 'published'>,
    }),
    dict({
      'datetime': datetime.datetime(2026, 4, 21, 11, 0, tzinfo=datetime.timezone.utc),
      'end_datetime': None,
      'marketAgreementType': <MarketAgreementType.DAY_AHEAD: 'DAY_AHEAD'>,
      'netFlow': -292.8,
      'scheduledExport': 0.0,
      'scheduledImport': 292.8,
      'sortedZoneKeys': 'DE->FR',
      'source': 'jao.eu',
      'sourceType': <EventSourceType.published: 'published'>,
    }),
    dict({
      'datetime': datetime.datetime(2026, 4, 21, 11, 15, tzinfo=datetime.timezone.utc),
      'end_datetime': None,
      'marketAgreementType': <MarketAgreementType.DAY_AHEAD: 'DAY_AHEAD'>,
      'netFlow': -272.2,
      'scheduledExport': 0.0,
      'scheduledImport': 272.2,
      'sortedZoneKeys': 'DE->FR',
      'source': 'jao.eu',
      'sourceType': <EventSourceType.published: 'published'>,
    }),
    dict({
      'datetime': datetime.datetime(2026, 4, 21, 11, 30, tzinfo=datetime.timezone.utc),
      'end_datetime': None,
      'marketAgreementType': <MarketAgreementType.DAY_AHEAD: 'DAY_AHEAD'>,
      'netFlow': -252.4,
      'scheduledExport': 0.0,
      'scheduledImport': 252.4,
      'sortedZoneKeys': 'DE->FR',
      'source': 'jao.eu',
      'sourceType': <EventSourceType.published: 'published'>,
    }),
    dict({
      'datetime': datetime.datetime(2026, 4, 21, 11, 45, tzinfo=datetime.timezone.utc),
      'end_datetime': None,
      'marketAgreementType': <MarketAgreementType.DAY_AHEAD: 'DAY_AHEAD'>,
      'netFlow': -238.4,
      'scheduledExport': 0.0,
      'scheduledImport': 238.4,
      'sortedZoneKeys': 'DE->FR',
      'source': 'jao.eu',
      'sourceType': <EventSourceType.published: 'published'>,
    }),
    dict({
      'datetime': datetime.datetime(2026, 4, 21, 12, 0, tzinfo=datetime.timezone.utc),
      'end_datetime': None,
      'marketAgreementType': <MarketAgreementType.DAY_AHEAD: 'DAY_AHEAD'>,
      'netFlow': -226.2,
      'scheduledExport': 0.0,
      'scheduledImport': 226.2,
      'sortedZoneKeys': 'DE->FR',
      'source': 'jao.eu',
      'sourceType': <EventSourceType.published: 'published'>,
    }),
    dict({
      'datetime': datetime.datetime(2026, 4, 21, 12, 15, tzinfo=datetime.timezone.utc),
      'end_datetime': None,
      'marketAgreementType': <MarketAgreementType.DAY_AHEAD: 'DAY_AHEAD'>,
      'netFlow': -218.5,
      'scheduledExport': 0.0,
      'scheduledImport': 218.5,
      'sortedZoneKeys': 'DE->FR',
      'source': 'jao.eu',
      'sourceType': <EventSourceType.published: 'published'>,
    }),
    dict({
      'datetime': datetime.datetime(2026, 4, 21, 12, 30, tzinfo=datetime.timezone.utc),
      'end_datetime': None,
      'marketAgreementType': <MarketAgreementType.DAY_AHEAD: 'DAY_AHEAD'>,
      'netFlow': -249.2,
      'scheduledExport': 0.0,
      'scheduledImport': 249.2,
      'sortedZoneKeys': 'DE->FR',
      'source': 'jao.eu',
      'sourceType': <EventSourceType.published: 'published'>,
    }),
    dict({
      'datetime': datetime.datetime(2026, 4, 21, 12, 45, tzinfo=datetime.timezone.utc),
      'end_datetime': None,
      'marketAgreementType': <MarketAgreementType.DAY_AHEAD: 'DAY_AHEAD'>,
      'netFlow': -235.1,
      'scheduledExport': 0.0,
      'scheduledImport': 235.1,
      'sortedZoneKeys': 'DE->FR',
      'source': 'jao.eu',
      'sourceType': <EventSourceType.published: 'published'>,
    }),
    dict({
      'datetime': datetime.datetime(2026, 4, 21, 13, 0, tzinfo=datetime.timezone.utc),
      'end_datetime': None,
      'marketAgreementType': <MarketAgreementType.DAY_AHEAD: 'DAY_AHEAD'>,
      'netFlow': -341.2,
      'scheduledExport': 0.0,
      'scheduledImport': 341.2,
      'sortedZoneKeys': 'DE->FR',
      'source': 'jao.eu',
      'sourceType': <EventSourceType.published: 'published'>,
    }),
    dict({
      'datetime': datetime.datetime(2026, 4, 21, 13, 15, tzinfo=datetime.timezone.utc),
      'end_datetime': None,
      'marketAgreementType': <MarketAgreementType.DAY_AHEAD: 'DAY_AHEAD'>,
      'netFlow': -439.3,
      'scheduledExport': 0.0,
      'scheduledImport': 439.3,
      'sortedZoneKeys': 'DE->FR',
      'source': 'jao.eu',
      'sourceType': <EventSourceType.published: 'published'>,
    }),
    dict({
      'datetime': datetime.datetime(2026, 4, 21, 13, 30, tzinfo=datetime.timezone.utc),
      'end_datetime': None,
      'marketAgreementType': <MarketAgreementType.DAY_AHEAD: 'DAY_AHEAD'>,
      'netFlow': -517.6,
      'scheduledExport': 0.0,
      'scheduledImport': 517.6,
      'sortedZoneKeys': 'DE->FR',
      'source': 'jao.eu',
      'sourceType': <EventSourceType.published: 'published'>,
    }),
    dict({
      'datetime': datetime.datetime(2026, 4, 21, 13, 45, tzinfo=datetime.timezone.utc),
      'end_datetime': None,
      'marketAgreementType': <MarketAgreementType.DAY_AHEAD: 'DAY_AHEAD'>,
      'netFlow': -1527.8,
      'scheduledExport': 0.0,
      'scheduledImport': 1527.8,
      'sortedZoneKeys': 'DE->FR',
      'source': 'jao.eu',
      'sourceType': <EventSourceType.published: 'published'>,
    }),
    dict({
      'datetime': datetime.datetime(2026, 4, 21, 14, 0, tzinfo=datetime.timezone.utc),
      'end_datetime': None,
      'marketAgreementType': <MarketAgreementType.DAY_AHEAD: 'DAY_AHEAD'>,
      'netFlow': -1689.2,
      'scheduledExport': 0.0,
      'scheduledImport': 1689.2,
      'sortedZoneKeys': 'DE->FR',
      'source': 'jao.eu',
      'sourceType': <EventSourceType.published: 'published'>,
    }),
    dict({
      'datetime': datetime.datetime(2026, 4, 21, 14, 15, tzinfo=datetime.timezone.utc),
      'end_datetime': None,
      'marketAgreementType': <MarketAgreementType.DAY_AHEAD: 'DAY_AHEAD'>,
      'netFlow': -1672.5,
      'scheduledExport': 0.0,
      'scheduledImport': 1672.5,
      'sortedZoneKeys': 'DE->FR',
      'source': 'jao.eu',
      'sourceType': <EventSourceType.published: 'published'>,
    }),
    dict({
      'datetime': datetime.datetime(2026, 4, 21, 14, 30, tzinfo=datetime.timezone.utc),
      'end_datetime': None,
      'marketAgreementType': <MarketAgreementType.DAY_AHEAD: 'DAY_AHEAD'>,
      'netFlow': -1804.2,
      'scheduledExport': 0.0,
      'scheduledImport': 1804.2,
      'sortedZoneKeys': 'DE->FR',
      'source': 'jao.eu',
      'sourceType': <EventSourceType.published: 'published'>,
    }),
    dict({
      'datetime': datetime.datetime(2026, 4, 21, 14, 45, tzinfo=datetime.timezone.utc),
      'end_datetime': None,
      'marketAgreementType': <MarketAgreementType.DAY_AHEAD: 'DAY_AHEAD'>,
      'netFlow': -1839.7,
      'scheduledExport': 0.0,
      'scheduledImport': 1839.7,
      'sortedZoneKeys': 'DE->FR',
      'source': 'jao.eu',
      'sourceType': <EventSourceType.published: 'published'>,
    }),
    dict({
      'datetime': datetime.datetime(2026, 4, 21, 15, 0, tzinfo=datetime.timezone.utc),
      'end_datetime': None,
      'marketAgreementType': <MarketAgreementType.DAY_AHEAD: 'DAY_AHEAD'>,
      'netFlow': -1890.6,
      'scheduledExport': 0.0,
      'scheduledImport': 1890.6,
      'sortedZoneKeys': 'DE->FR',
      'source': 'jao.eu',
      'sourceType': <EventSourceType.published: 'published'>,
    }),
    dict({
      'datetime': datetime.datetime(2026, 4, 21, 15, 15, tzinfo=datetime.timezone.utc),
      'end_datetime': None,
      'marketAgreementType': <MarketAgreementType.DAY_AHEAD: 'DAY_AHEAD'>,
      'netFlow': -1733.8,
      'scheduledExport': 0.0,
      'scheduledImport': 1733.8,
      'sortedZoneKeys': 'DE->FR',
      'source': 'jao.eu',
      'sourceType': <EventSourceType.published: 'published'>,
    }),
    dict({
      'datetime': datetime.datetime(2026, 4, 21, 15, 30, tzinfo=datetime.timezone.utc),
      'end_datetime': None,
      'marketAgreementType': <MarketAgreementType.DAY_AHEAD: 'DAY_AHEAD'>,
      'netFlow': -1600.0,
      'scheduledExport': 0.0,
      'scheduledImport': 1600.0,
      'sortedZoneKeys': 'DE->FR',
      'source': 'jao.eu',
      'sourceType': <EventSourceType.published: 'published'>,
    }),
    dict({
      'datetime': datetime.datetime(2026, 4, 21, 15, 45, tzinfo=datetime.timezone.utc),
      'end_datetime': None,
      'marketAgreementType': <MarketAgreementType.DAY_AHEAD: 'DAY_AHEAD'>,
      'netFlow': -1527.2,
      'scheduledExport': 0.0,
      'scheduledImport': 1527.2,
      'sortedZoneKeys': 'DE->FR',
      'source': 'jao.eu',
      'sourceType': <EventSourceType.published: 'published'>,
    }),
    dict({
      'datetime': datetime.datetime(2026, 4, 21, 16, 0, tzinfo=datetime.timezone.utc),
      'end_datetime': None,
      'marketAgreementType': <MarketAgreementType.DAY_AHEAD: 'DAY_AHEAD'>,
      'netFlow': -1402.8,
      'scheduledExport': 0.0,
      'scheduledImport': 1402.8,
      'sortedZoneKeys': 'DE->FR',
      'source': 'jao.eu',
      'sourceType': <EventSourceType.published: 'published'>,
    }),
    dict({
      'datetime': datetime.datetime(2026, 4, 21, 16, 15, tzinfo=datetime.timezone.utc),
      'end_datetime': None,
      'marketAgreementType': <MarketAgreementType.DAY_AHEAD: 'DAY_AHEAD'>,
      'netFlow': -1334.6,
      'scheduledExport': 0.0,
      'scheduledImport': 1334.6,
      'sortedZoneKeys': 'DE->FR',
      'source': 'jao.eu',
      'sourceType': <EventSourceType.published: 'published'>,
    }),
    dict({
      'datetime': datetime.datetime(2026, 4, 21, 16, 30, tzinfo=datetime.timezone.utc),
      'end_datetime': None,
      'marketAgreementType': <MarketAgreementType.DAY_AHEAD: 'DAY_AHEAD'>,
      'netFlow': -1404.1,
      'scheduledExport': 0.0,
      'scheduledImport': 1404.1,
      'sortedZoneKeys': 'DE->FR',
      'source': 'jao.eu',
      'sourceType': <EventSourceType.published: 'published'>,
    }),
    dict({
      'datetime': datetime.datetime(2026, 4, 21, 16, 45, tzinfo=datetime.timezone.utc),
      'end_datetime': None,
      'marketAgreementType': <MarketAgreementType.DAY_AHEAD: 'DAY_AHEAD'>,
      'netFlow': -1408.4,
      'scheduledExport': 0.0,
      'scheduledImport': 1408.4,
      'sortedZoneKeys': 'DE->FR',
      'source': 'jao.eu',
      'sourceType': <EventSourceType.published: 'published'>,
    }),
    dict({
      'datetime': datetime.datetime(2026, 4, 21, 17, 0, tzinfo=datetime.timezone.utc),
      'end_datetime': None,
      'marketAgreementType': <MarketAgreementType.DAY_AHEAD: 'DAY_AHEAD'>,
      'netFlow': -1113.2,
      'scheduledExport': 0.0,
      'scheduledImport': 1113.2,
      'sortedZoneKeys': 'DE->FR',
      'source': 'jao.eu',
      'sourceType': <EventSourceType.published: 'published'>,
    }),
    dict({
      'datetime': datetime.datetime(2026, 4, 21, 17, 15, tzinfo=datetime.timezone.utc),
      'end_datetime': None,
      'marketAgreementType': <MarketAgreementType.DAY_AHEAD: 'DAY_AHEAD'>,
      'netFlow': -1084.0,
      'scheduledExport': 0.0,
      'scheduledImport': 1084.0,
      'sortedZoneKeys': 'DE->FR',
      'source': 'jao.eu',
      'sourceType': <EventSourceType.published: 'published'>,
    }),
    dict({
      'datetime': datetime.datetime(2026, 4, 21, 17, 30, tzinfo=datetime.timezone.utc),
      'end_datetime': None,
      'marketAgreementType': <MarketAgreementType.DAY_AHEAD: 'DAY_AHEAD'>,
      'netFlow': -1135.0,
      'scheduledExport': 0.0,
      'scheduledImport': 1135.0,
      'sortedZoneKeys': 'DE->FR',
      'source': 'jao.eu',
      'sourceType': <EventSourceType.published: 'published'>,
    }),
    dict({
      'datetime': datetime.datetime(2026, 4, 21, 17, 45, tzinfo=datetime.timezone.utc),
      'end_datetime': None,
      'marketAgreementType': <MarketAgreementType.DAY_AHEAD: 'DAY_AHEAD'>,
      'netFlow': -1144.4,
      'scheduledExport': 0.0,
      'scheduledImport': 1144.4,
      'sortedZoneKeys': 'DE->FR',
      'source': 'jao.eu',
      'sourceType': <EventSourceType.published: 'published'>,
    }),
    dict({
      'datetime': datetime.datetime(2026, 4, 21, 18, 0, tzinfo=datetime.timezone.utc),
      'end_datetime': None,
      'marketAgreementType': <MarketAgreementType.DAY_AHEAD: 'DAY_AHEAD'>,
      'netFlow': -1091.6,
      'scheduledExport': 0.0,
      'scheduledImport': 1091.6,
      'sortedZoneKeys': 'DE->FR',
      'source': 'jao.eu',
      'sourceType': <EventSourceType.published: 'published'>,
    }),
    dict({
      'datetime': datetime.datetime(2026, 4, 21, 18, 15, tzinfo=datetime.timezone.utc),
      'end_datetime': None,
      'marketAgreementType': <MarketAgreementType.DAY_AHEAD: 'DAY_AHEAD'>,
      'netFlow': -1006.1,
      'scheduledExport': 0.0,
      'scheduledImport': 1006.1,
      'sortedZoneKeys': 'DE->FR',
      'source': 'jao.eu',
      'sourceType': <EventSourceType.published: 'published'>,
    }),
    dict({
      'datetime': datetime.datetime(2026, 4, 21, 18, 30, tzinfo=datetime.timezone.utc),
      'end_datetime': None,
      'marketAgreementType': <MarketAgreementType.DAY_AHEAD: 'DAY_AHEAD'>,
      'netFlow': -953.1,
      'scheduledExport': 0.0,
      'scheduledImport': 953.1,
      'sortedZoneKeys': 'DE->FR',
      'source': 'jao.eu',
      'sourceType': <EventSourceType.published: 'published'>,
    }),
    dict({
      'datetime': datetime.datetime(2026, 4, 21, 18, 45, tzinfo=datetime.timezone.utc),
      'end_datetime': None,
      'marketAgreementType': <MarketAgreementType.DAY_AHEAD: 'DAY_AHEAD'>,
      'netFlow': -940.2,
      'scheduledExport': 0.0,
      'scheduledImport': 940.2,
      'sortedZoneKeys': 'DE->FR',
      'source': 'jao.eu',
      'sourceType': <EventSourceType.published: 'published'>,
    }),
    dict({
      'datetime': datetime.datetime(2026, 4, 21, 19, 0, tzinfo=datetime.timezone.utc),
      'end_datetime': None,
      'marketAgreementType': <MarketAgreementType.DAY_AHEAD: 'DAY_AHEAD'>,
      'netFlow': -910.6,
      'scheduledExport': 0.0,
      'scheduledImport': 910.6,
      'sortedZoneKeys': 'DE->FR',
      'source': 'jao.eu',
      'sourceType': <EventSourceType.published: 'published'>,
    }),
    dict({
      'datetime': datetime.datetime(2026, 4, 21, 19, 15, tzinfo=datetime.timezone.utc),
      'end_datetime': None,
      'marketAgreementType': <MarketAgreementType.DAY_AHEAD: 'DAY_AHEAD'>,
      'netFlow': -905.2,
      'scheduledExport': 0.0,
      'scheduledImport': 905.2,
      'sortedZoneKeys': 'DE->FR',
      'source': 'jao.eu',
      'sourceType': <EventSourceType.published: 'published'>,
    }),
    dict({
      'datetime': datetime.datetime(2026, 4, 21, 19, 30, tzinfo=datetime.timezone.utc),
      'end_datetime': None,
      'marketAgreementType': <MarketAgreementType.DAY_AHEAD: 'DAY_AHEAD'>,
      'netFlow': -871.2,
      'scheduledExport': 0.0,
      'scheduledImport': 871.2,
      'sortedZoneKeys': 'DE->FR',
      'source': 'jao.eu',
      'sourceType': <EventSourceType.published: 'published'>,
    }),
    dict({
      'datetime': datetime.datetime(2026, 4, 21, 19, 45, tzinfo=datetime.timezone.utc),
      'end_datetime': None,
      'marketAgreementType': <MarketAgreementType.DAY_AHEAD: 'DAY_AHEAD'>,
      'netFlow': -885.5,
      'scheduledExport': 0.0,
      'scheduledImport': 885.5,
      'sortedZoneKeys': 'DE->FR',
      'source': 'jao.eu',
      'sourceType': <EventSourceType.published: 'published'>,
    }),
    dict({
      'datetime': datetime.datetime(2026, 4, 21, 20, 0, tzinfo=datetime.timezone.utc),
      'end_datetime': None,
      'marketAgreementType': <MarketAgreementType.DAY_AHEAD: 'DAY_AHEAD'>,
      'netFlow': -553.3,
      'scheduledExport': 0.0,
      'scheduledImport': 553.3,
      'sortedZoneKeys': 'DE->FR',
      'source': 'jao.eu',
      'sourceType': <EventSourceType.published: 'published'>,
    }),
    dict({
      'datetime': datetime.datetime(2026, 4, 21, 20, 15, tzinfo=datetime.timezone.utc),
      'end_datetime': None,
      'marketAgreementType': <MarketAgreementType.DAY_AHEAD: 'DAY_AHEAD'>,
      'netFlow': -497.7,
      'scheduledExport': 0.0,
      'scheduledImport': 497.7,
      'sortedZoneKeys': 'DE->FR',
      'source': 'jao.eu',
      'sourceType': <EventSourceType.published: 'published'>,
    }),
    dict({
      'datetime': datetime.datetime(2026, 4, 21, 20, 30, tzinfo=datetime.timezone.utc),
      'end_datetime': None,
      'marketAgreementType': <MarketAgreementType.DAY_AHEAD: 'DAY_AHEAD'>,
      'netFlow': -487.0,
      'scheduledExport': 0.0,
      'scheduledImport': 487.0,
      'sortedZoneKeys': 'DE->FR',
      'source': 'jao.eu',
      'sourceType': <EventSourceType.published: 'published'>,
    }),
    dict({
      'datetime': datetime.datetime(2026, 4, 21, 20, 45, tzinfo=datetime.timezone.utc),
      'end_datetime': None,
      'marketAgreementType': <MarketAgreementType.DAY_AHEAD: 'DAY_AHEAD'>,
      'netFlow': -545.7,
      'scheduledExport': 0.0,
      'scheduledImport': 545.7,
      'sortedZoneKeys': 'DE->FR',
      'source': 'jao.eu',
      'sourceType': <EventSourceType.published: 'published'>,
    }),
    dict({
      'datetime': datetime.datetime(2026, 4, 21, 21, 0, tzinfo=datetime.timezone.utc),
      'end_datetime': None,
      'marketAgreementType': <MarketAgreementType.DAY_AHEAD: 'DAY_AHEAD'>,
      'netFlow': -496.4,
      'scheduledExport': 0.0,
      'scheduledImport': 496.4,
      'sortedZoneKeys': 'DE->FR',
      'source': 'jao.eu',
      'sourceType': <EventSourceType.published: 'published'>,
    }),
    dict({
      'datetime': datetime.datetime(2026, 4, 21, 21, 15, tzinfo=datetime.timezone.utc),
      'end_datetime': None,
      'marketAgreementType': <MarketAgreementType.DAY_AHEAD: 'DAY_AHEAD'>,
      'netFlow': -526.9,
      'scheduledExport': 0.0,
      'scheduledImport': 526.9,
      'sortedZoneKeys': 'DE->FR',
      'source': 'jao.eu',
      'sourceType': <EventSourceType.published: 'published'>,
    }),
    dict({
      'datetime': datetime.datetime(2026, 4, 21, 21, 30, tzinfo=datetime.timezone.utc),
      'end_datetime': None,
      'marketAgreementType': <MarketAgreementType.DAY_AHEAD: 'DAY_AHEAD'>,
      'netFlow': -577.0,
      'scheduledExport': 0.0,
      'scheduledImport': 577.0,
      'sortedZoneKeys': 'DE->FR',
      'source': 'jao.eu',
      'sourceType': <EventSourceType.published: 'published'>,
    }),
    dict({
      'datetime': datetime.datetime(2026, 4, 21, 21, 45, tzinfo=datetime.timezone.utc),
      'end_datetime': None,
      'marketAgreementType': <MarketAgreementType.DAY_AHEAD: 'DAY_AHEAD'>,
      'netFlow': -615.7,
      'scheduledExport': 0.0,
      'scheduledImport': 615.7,
      'sortedZoneKeys': 'DE->FR',
      'source': 'jao.eu',
      'sourceType': <EventSourceType.published: 'published'>,
    }),
    dict({
      'datetime': datetime.datetime(2026, 4, 21, 22, 0, tzinfo=datetime.timezone.utc),
      'end_datetime': None,
      'marketAgreementType': <MarketAgreementType.DAY_AHEAD: 'DAY_AHEAD'>,
      'netFlow': -551.9,
      'scheduledExport': 0.0,
      'scheduledImport': 551.9,
      'sortedZoneKeys': 'DE->FR',
      'source': 'jao.eu',
      'sourceType': <EventSourceType.published: 'published'>,
    }),
    dict({
      'datetime': datetime.datetime(2026, 4, 21, 22, 15, tzinfo=datetime.timezone.utc),
      'end_datetime': None,
      'marketAgreementType': <MarketAgreementType.DAY_AHEAD: 'DAY_AHEAD'>,
      'netFlow': -561.3,
      'scheduledExport': 0.0,
      'scheduledImport': 561.3,
      'sortedZoneKeys': 'DE->FR',
      'source': 'jao.eu',
      'sourceType': <EventSourceType.published: 'published'>,
    }),
    dict({
      'datetime': datetime.datetime(2026, 4, 21, 22, 30, tzinfo=datetime.timezone.utc),
      'end_datetime': None,
      'marketAgreementType': <MarketAgreementType.DAY_AHEAD: 'DAY_AHEAD'>,
      'netFlow': -556.2,
      'scheduledExport': 0.0,
      'scheduledImport': 556.2,
      'sortedZoneKeys': 'DE->FR',
      'source': 'jao.eu',
      'sourceType': <EventSourceType.published: 'published'>,
    }),
    dict({
      'datetime': datetime.datetime(2026, 4, 21, 22, 45, tzinfo=datetime.timezone.utc),
      'end_datetime': None,
      'marketAgreementType': <MarketAgreementType.DAY_AHEAD: 'DAY_AHEAD'>,
      'netFlow': -551.9,
      'scheduledExport': 0.0,
      'scheduledImport': 551.9,
      'sortedZoneKeys': 'DE->FR',
      'source': 'jao.eu',
      'sourceType': <EventSourceType.published: 'published'>,
    }),
    dict({
      'datetime': datetime.datetime(2026, 4, 21, 23, 0, tzinfo=datetime.timezone.utc),
      'end_datetime': None,
      'marketAgreementType': <MarketAgreementType.DAY_AHEAD: 'DAY_AHEAD'>,
      'netFlow': -587.1,
      'scheduledExport': 0.0,
      'scheduledImport': 587.1,
      'sortedZoneKeys': 'DE->FR',
      'source': 'jao.eu',
      'sourceType': <EventSourceType.published: 'published'>,
    }),
    dict({
      'datetime': datetime.datetime(2026, 4, 21, 23, 15, tzinfo=datetime.timezone.utc),
      'end_datetime': None,
      'marketAgreementType': <MarketAgreementType.DAY_AHEAD: 'DAY_AHEAD'>,
      'netFlow': -571.6,
      'scheduledExport': 0.0,
      'scheduledImport': 571.6,
      'sortedZoneKeys': 'DE->FR',
      'source': 'jao.eu',
      'sourceType': <EventSourceType.published: 'published'>,
    }),
    dict({
      'datetime': datetime.datetime(2026, 4, 21, 23, 30, tzinfo=datetime.timezone.utc),
      'end_datetime': None,
      'marketAgreementType': <MarketAgreementType.DAY_AHEAD: 'DAY_AHEAD'>,
      'netFlow': -612.9,
      'scheduledExport': 0.0,
      'scheduledImport': 612.9,
      'sortedZoneKeys': 'DE->FR',
      'source': 'jao.eu',
      'sourceType': <EventSourceType.published: 'published'>,
    }),
    dict({
      'datetime': datetime.datetime(2026, 4, 21, 23, 45, tzinfo=datetime.timezone.utc),
      'end_datetime': None,
      'marketAgreementType': <MarketAgreementType.DAY_AHEAD: 'DAY_AHEAD'>,
      'netFlow': -595.8,
      'scheduledExport': 0.0,
      'scheduledImport': 595.8,
      'sortedZoneKeys': 'DE->FR',
      'source': 'jao.eu',
      'sourceType': <EventSourceType.published: 'published'>,
    }),
  ])
# ---
