# serializer version: 1
# name: test_consumption[AU-WA]
  list([
    dict({
      'consumption': 2101.5,
      'datetime': datetime.datetime(2025, 3, 23, 18, 0, tzinfo=datetime.timezone(datetime.timedelta(seconds=28800))),
      'end_datetime': None,
      'source': 'opennem.org.au',
      'sourceType': <EventSourceType.measured: 'measured'>,
      'zoneKey': 'AU-WA',
    }),
    dict({
      'consumption': 2095.2,
      'datetime': datetime.datetime(2025, 3, 23, 18, 5, tzinfo=datetime.timezone(datetime.timedelta(seconds=28800))),
      'end_datetime': None,
      'source': 'opennem.org.au',
      'sourceType': <EventSourceType.measured: 'measured'>,
      'zoneKey': 'AU-WA',
    }),
    dict({
      'consumption': 2088.7,
      'datetime': datetime.datetime(2025, 3, 23, 18, 10, tzinfo=datetime.timezone(datetime.timedelta(seconds=28800))),
      'end_datetime': None,
      'source': 'opennem.org.au',
      'sourceType': <EventSourceType.measured: 'measured'>,
      'zoneKey': 'AU-WA',
    }),
    dict({
      'consumption': 2080.1,
      'datetime': datetime.datetime(2025, 3, 23, 18, 15, tzinfo=datetime.timezone(datetime.timedelta(seconds=28800))),
      'end_datetime': None,
      'source': 'opennem.org.au',
      'sourceType': <EventSourceType.measured: 'measured'>,
      'zoneKey': 'AU-WA',
    }),
    dict({
      'consumption': 2075.4,
      'datetime': datetime.datetime(2025, 3, 23, 18, 20, tzinfo=datetime.timezone(datetime.timedelta(seconds=28800))),
      'end_datetime': None,
      'source': 'opennem.org.au',
      'sourceType': <EventSourceType.measured: 'measured'>,
      'zoneKey': 'AU-WA',
    }),
  ])
# ---
