# serializer version: 1
# name: test_snapshot_fetch_exchange[BR-S-UY-data.json]
  list([
    dict({
      'datetime': datetime.datetime(2025, 7, 22, 8, 54, tzinfo=datetime.timezone(datetime.timedelta(days=-1, seconds=75600))),
      'netFlow': -0.9615,
      'sortedZoneKeys': 'BR-S->UY',
      'source': 'ons.org.br',
      'sourceType': <EventSourceType.measured: 'measured'>,
    }),
  ])
# ---
