# serializer version: 1
# name: test_snapshot_fetch_production[BR-NE-data.json]
  list([
    dict({
      'correctedModes': list([
      ]),
      'datetime': datetime.datetime(2025, 7, 22, 8, 54, tzinfo=datetime.timezone(datetime.timedelta(days=-1, seconds=75600))),
      'production': dict({
        'hydro': 2081.71338,
        'nuclear': 0.0,
        'solar': 7852.72754,
        'unknown': 153.992935,
        'wind': 11871.0967,
      }),
      'source': 'ons.org.br',
      'sourceType': <EventSourceType.measured: 'measured'>,
      'storage': dict({
      }),
      'zoneKey': 'BR-NE',
    }),
  ])
# ---
