# serializer version: 1
# name: test_snapshot_fetch_exchange[BR-CS-BR-NE-BR_negative_solar.json]
  list([
    dict({
      'datetime': datetime.datetime(2018, 1, 27, 20, 19, tzinfo=datetime.timezone(datetime.timedelta(days=-1, seconds=79200))),
      'netFlow': 785.116638,
      'sortedZoneKeys': 'BR-CS->BR-NE',
      'source': 'ons.org.br',
      'sourceType': <EventSourceType.measured: 'measured'>,
    }),
  ])
# ---
