# serializer version: 1
# name: test_fetch_consumption[None]
  list([
    dict({
      'consumption': 9480.0,
      'datetime': datetime.datetime(2025, 1, 13, 22, 0, tzinfo=zoneinfo.ZoneInfo(key='Asia/Dhaka')),
      'source': 'erp.pgcb.gov.bd',
      'sourceType': <EventSourceType.measured: 'measured'>,
      'zoneKey': 'BD',
    }),
    dict({
      'consumption': 9093.0,
      'datetime': datetime.datetime(2025, 1, 13, 23, 0, tzinfo=zoneinfo.ZoneInfo(key='Asia/Dhaka')),
      'source': 'erp.pgcb.gov.bd',
      'sourceType': <EventSourceType.measured: 'measured'>,
      'zoneKey': 'BD',
    }),
    dict({
      'consumption': 8508.0,
      'datetime': datetime.datetime(2025, 1, 14, 0, 0, tzinfo=zoneinfo.ZoneInfo(key='Asia/Dhaka')),
      'source': 'erp.pgcb.gov.bd',
      'sourceType': <EventSourceType.measured: 'measured'>,
      'zoneKey': 'BD',
    }),
    dict({
      'consumption': 8069.0,
      'datetime': datetime.datetime(2025, 1, 14, 1, 0, tzinfo=zoneinfo.ZoneInfo(key='Asia/Dhaka')),
      'source': 'erp.pgcb.gov.bd',
      'sourceType': <EventSourceType.measured: 'measured'>,
      'zoneKey': 'BD',
    }),
    dict({
      'consumption': 7674.0,
      'datetime': datetime.datetime(2025, 1, 14, 2, 0, tzinfo=zoneinfo.ZoneInfo(key='Asia/Dhaka')),
      'source': 'erp.pgcb.gov.bd',
      'sourceType': <EventSourceType.measured: 'measured'>,
      'zoneKey': 'BD',
    }),
    dict({
      'consumption': 7517.0,
      'datetime': datetime.datetime(2025, 1, 14, 3, 0, tzinfo=zoneinfo.ZoneInfo(key='Asia/Dhaka')),
      'source': 'erp.pgcb.gov.bd',
      'sourceType': <EventSourceType.measured: 'measured'>,
      'zoneKey': 'BD',
    }),
    dict({
      'consumption': 7469.0,
      'datetime': datetime.datetime(2025, 1, 14, 4, 0, tzinfo=zoneinfo.ZoneInfo(key='Asia/Dhaka')),
      'source': 'erp.pgcb.gov.bd',
      'sourceType': <EventSourceType.measured: 'measured'>,
      'zoneKey': 'BD',
    }),
    dict({
      'consumption': 7854.0,
      'datetime': datetime.datetime(2025, 1, 14, 5, 0, tzinfo=zoneinfo.ZoneInfo(key='Asia/Dhaka')),
      'source': 'erp.pgcb.gov.bd',
      'sourceType': <EventSourceType.measured: 'measured'>,
      'zoneKey': 'BD',
    }),
    dict({
      'consumption': 8664.0,
      'datetime': datetime.datetime(2025, 1, 14, 6, 0, tzinfo=zoneinfo.ZoneInfo(key='Asia/Dhaka')),
      'source': 'erp.pgcb.gov.bd',
      'sourceType': <EventSourceType.measured: 'measured'>,
      'zoneKey': 'BD',
    }),
    dict({
      'consumption': 9358.0,
      'datetime': datetime.datetime(2025, 1, 14, 7, 0, tzinfo=zoneinfo.ZoneInfo(key='Asia/Dhaka')),
      'source': 'erp.pgcb.gov.bd',
      'sourceType': <EventSourceType.measured: 'measured'>,
      'zoneKey': 'BD',
    }),
    dict({
      'consumption': 9854.0,
      'datetime': datetime.datetime(2025, 1, 14, 8, 0, tzinfo=zoneinfo.ZoneInfo(key='Asia/Dhaka')),
      'source': 'erp.pgcb.gov.bd',
      'sourceType': <EventSourceType.measured: 'measured'>,
      'zoneKey': 'BD',
    }),
    dict({
      'consumption': 9675.0,
      'datetime': datetime.datetime(2025, 1, 14, 9, 0, tzinfo=zoneinfo.ZoneInfo(key='Asia/Dhaka')),
      'source': 'erp.pgcb.gov.bd',
      'sourceType': <EventSourceType.measured: 'measured'>,
      'zoneKey': 'BD',
    }),
    dict({
      'consumption': 9710.0,
      'datetime': datetime.datetime(2025, 1, 14, 10, 0, tzinfo=zoneinfo.ZoneInfo(key='Asia/Dhaka')),
      'source': 'erp.pgcb.gov.bd',
      'sourceType': <EventSourceType.measured: 'measured'>,
      'zoneKey': 'BD',
    }),
    dict({
      'consumption': 10242.0,
      'datetime': datetime.datetime(2025, 1, 14, 11, 0, tzinfo=zoneinfo.ZoneInfo(key='Asia/Dhaka')),
      'source': 'erp.pgcb.gov.bd',
      'sourceType': <EventSourceType.measured: 'measured'>,
      'zoneKey': 'BD',
    }),
    dict({
      'consumption': 10465.0,
      'datetime': datetime.datetime(2025, 1, 14, 12, 0, tzinfo=zoneinfo.ZoneInfo(key='Asia/Dhaka')),
      'source': 'erp.pgcb.gov.bd',
      'sourceType': <EventSourceType.measured: 'measured'>,
      'zoneKey': 'BD',
    }),
    dict({
      'consumption': 10210.0,
      'datetime': datetime.datetime(2025, 1, 14, 13, 0, tzinfo=zoneinfo.ZoneInfo(key='Asia/Dhaka')),
      'source': 'erp.pgcb.gov.bd',
      'sourceType': <EventSourceType.measured: 'measured'>,
      'zoneKey': 'BD',
    }),
    dict({
      'consumption': 9740.0,
      'datetime': datetime.datetime(2025, 1, 14, 14, 0, tzinfo=zoneinfo.ZoneInfo(key='Asia/Dhaka')),
      'source': 'erp.pgcb.gov.bd',
      'sourceType': <EventSourceType.measured: 'measured'>,
      'zoneKey': 'BD',
    }),
    dict({
      'consumption': 9513.0,
      'datetime': datetime.datetime(2025, 1, 14, 15, 0, tzinfo=zoneinfo.ZoneInfo(key='Asia/Dhaka')),
      'source': 'erp.pgcb.gov.bd',
      'sourceType': <EventSourceType.measured: 'measured'>,
      'zoneKey': 'BD',
    }),
    dict({
      'consumption': 9714.0,
      'datetime': datetime.datetime(2025, 1, 14, 16, 0, tzinfo=zoneinfo.ZoneInfo(key='Asia/Dhaka')),
      'source': 'erp.pgcb.gov.bd',
      'sourceType': <EventSourceType.measured: 'measured'>,
      'zoneKey': 'BD',
    }),
    dict({
      'consumption': 10701.0,
      'datetime': datetime.datetime(2025, 1, 14, 17, 0, tzinfo=zoneinfo.ZoneInfo(key='Asia/Dhaka')),
      'source': 'erp.pgcb.gov.bd',
      'sourceType': <EventSourceType.measured: 'measured'>,
      'zoneKey': 'BD',
    }),
    dict({
      'consumption': 10901.0,
      'datetime': datetime.datetime(2025, 1, 14, 18, 0, tzinfo=zoneinfo.ZoneInfo(key='Asia/Dhaka')),
      'source': 'erp.pgcb.gov.bd',
      'sourceType': <EventSourceType.measured: 'measured'>,
      'zoneKey': 'BD',
    }),
    dict({
      'consumption': 10772.0,
      'datetime': datetime.datetime(2025, 1, 14, 18, 30, tzinfo=zoneinfo.ZoneInfo(key='Asia/Dhaka')),
      'source': 'erp.pgcb.gov.bd',
      'sourceType': <EventSourceType.measured: 'measured'>,
      'zoneKey': 'BD',
    }),
    dict({
      'consumption': 10725.0,
      'datetime': datetime.datetime(2025, 1, 14, 19, 0, tzinfo=zoneinfo.ZoneInfo(key='Asia/Dhaka')),
      'source': 'erp.pgcb.gov.bd',
      'sourceType': <EventSourceType.measured: 'measured'>,
      'zoneKey': 'BD',
    }),
    dict({
      'consumption': 10458.0,
      'datetime': datetime.datetime(2025, 1, 14, 20, 0, tzinfo=zoneinfo.ZoneInfo(key='Asia/Dhaka')),
      'source': 'erp.pgcb.gov.bd',
      'sourceType': <EventSourceType.measured: 'measured'>,
      'zoneKey': 'BD',
    }),
    dict({
      'consumption': 10125.0,
      'datetime': datetime.datetime(2025, 1, 14, 21, 0, tzinfo=zoneinfo.ZoneInfo(key='Asia/Dhaka')),
      'source': 'erp.pgcb.gov.bd',
      'sourceType': <EventSourceType.measured: 'measured'>,
      'zoneKey': 'BD',
    }),
    dict({
      'consumption': 9427.0,
      'datetime': datetime.datetime(2025, 1, 14, 22, 0, tzinfo=zoneinfo.ZoneInfo(key='Asia/Dhaka')),
      'source': 'erp.pgcb.gov.bd',
      'sourceType': <EventSourceType.measured: 'measured'>,
      'zoneKey': 'BD',
    }),
    dict({
      'consumption': 8966.0,
      'datetime': datetime.datetime(2025, 1, 14, 23, 0, tzinfo=zoneinfo.ZoneInfo(key='Asia/Dhaka')),
      'source': 'erp.pgcb.gov.bd',
      'sourceType': <EventSourceType.measured: 'measured'>,
      'zoneKey': 'BD',
    }),
    dict({
      'consumption': 8415.0,
      'datetime': datetime.datetime(2025, 1, 15, 0, 0, tzinfo=zoneinfo.ZoneInfo(key='Asia/Dhaka')),
      'source': 'erp.pgcb.gov.bd',
      'sourceType': <EventSourceType.measured: 'measured'>,
      'zoneKey': 'BD',
    }),
    dict({
      'consumption': 7967.0,
      'datetime': datetime.datetime(2025, 1, 15, 1, 0, tzinfo=zoneinfo.ZoneInfo(key='Asia/Dhaka')),
      'source': 'erp.pgcb.gov.bd',
      'sourceType': <EventSourceType.measured: 'measured'>,
      'zoneKey': 'BD',
    }),
    dict({
      'consumption': 7687.0,
      'datetime': datetime.datetime(2025, 1, 15, 2, 0, tzinfo=zoneinfo.ZoneInfo(key='Asia/Dhaka')),
      'source': 'erp.pgcb.gov.bd',
      'sourceType': <EventSourceType.measured: 'measured'>,
      'zoneKey': 'BD',
    }),
    dict({
      'consumption': 7426.0,
      'datetime': datetime.datetime(2025, 1, 15, 3, 0, tzinfo=zoneinfo.ZoneInfo(key='Asia/Dhaka')),
      'source': 'erp.pgcb.gov.bd',
      'sourceType': <EventSourceType.measured: 'measured'>,
      'zoneKey': 'BD',
    }),
    dict({
      'consumption': 7365.0,
      'datetime': datetime.datetime(2025, 1, 15, 4, 0, tzinfo=zoneinfo.ZoneInfo(key='Asia/Dhaka')),
      'source': 'erp.pgcb.gov.bd',
      'sourceType': <EventSourceType.measured: 'measured'>,
      'zoneKey': 'BD',
    }),
    dict({
      'consumption': 7908.0,
      'datetime': datetime.datetime(2025, 1, 15, 5, 0, tzinfo=zoneinfo.ZoneInfo(key='Asia/Dhaka')),
      'source': 'erp.pgcb.gov.bd',
      'sourceType': <EventSourceType.measured: 'measured'>,
      'zoneKey': 'BD',
    }),
    dict({
      'consumption': 8542.0,
      'datetime': datetime.datetime(2025, 1, 15, 6, 0, tzinfo=zoneinfo.ZoneInfo(key='Asia/Dhaka')),
      'source': 'erp.pgcb.gov.bd',
      'sourceType': <EventSourceType.measured: 'measured'>,
      'zoneKey': 'BD',
    }),
    dict({
      'consumption': 9363.0,
      'datetime': datetime.datetime(2025, 1, 15, 7, 0, tzinfo=zoneinfo.ZoneInfo(key='Asia/Dhaka')),
      'source': 'erp.pgcb.gov.bd',
      'sourceType': <EventSourceType.measured: 'measured'>,
      'zoneKey': 'BD',
    }),
    dict({
      'consumption': 9682.0,
      'datetime': datetime.datetime(2025, 1, 15, 8, 0, tzinfo=zoneinfo.ZoneInfo(key='Asia/Dhaka')),
      'source': 'erp.pgcb.gov.bd',
      'sourceType': <EventSourceType.measured: 'measured'>,
      'zoneKey': 'BD',
    }),
    dict({
      'consumption': 9496.0,
      'datetime': datetime.datetime(2025, 1, 15, 9, 0, tzinfo=zoneinfo.ZoneInfo(key='Asia/Dhaka')),
      'source': 'erp.pgcb.gov.bd',
      'sourceType': <EventSourceType.measured: 'measured'>,
      'zoneKey': 'BD',
    }),
    dict({
      'consumption': 9576.0,
      'datetime': datetime.datetime(2025, 1, 15, 10, 0, tzinfo=zoneinfo.ZoneInfo(key='Asia/Dhaka')),
      'source': 'erp.pgcb.gov.bd',
      'sourceType': <EventSourceType.measured: 'measured'>,
      'zoneKey': 'BD',
    }),
    dict({
      'consumption': 10149.0,
      'datetime': datetime.datetime(2025, 1, 15, 11, 0, tzinfo=zoneinfo.ZoneInfo(key='Asia/Dhaka')),
      'source': 'erp.pgcb.gov.bd',
      'sourceType': <EventSourceType.measured: 'measured'>,
      'zoneKey': 'BD',
    }),
    dict({
      'consumption': 10434.0,
      'datetime': datetime.datetime(2025, 1, 15, 12, 0, tzinfo=zoneinfo.ZoneInfo(key='Asia/Dhaka')),
      'source': 'erp.pgcb.gov.bd',
      'sourceType': <EventSourceType.measured: 'measured'>,
      'zoneKey': 'BD',
    }),
    dict({
      'consumption': 10046.0,
      'datetime': datetime.datetime(2025, 1, 15, 13, 0, tzinfo=zoneinfo.ZoneInfo(key='Asia/Dhaka')),
      'source': 'erp.pgcb.gov.bd',
      'sourceType': <EventSourceType.measured: 'measured'>,
      'zoneKey': 'BD',
    }),
    dict({
      'consumption': 9788.0,
      'datetime': datetime.datetime(2025, 1, 15, 14, 0, tzinfo=zoneinfo.ZoneInfo(key='Asia/Dhaka')),
      'source': 'erp.pgcb.gov.bd',
      'sourceType': <EventSourceType.measured: 'measured'>,
      'zoneKey': 'BD',
    }),
    dict({
      'consumption': 9347.0,
      'datetime': datetime.datetime(2025, 1, 15, 15, 0, tzinfo=zoneinfo.ZoneInfo(key='Asia/Dhaka')),
      'source': 'erp.pgcb.gov.bd',
      'sourceType': <EventSourceType.measured: 'measured'>,
      'zoneKey': 'BD',
    }),
    dict({
      'consumption': 9468.0,
      'datetime': datetime.datetime(2025, 1, 15, 16, 0, tzinfo=zoneinfo.ZoneInfo(key='Asia/Dhaka')),
      'source': 'erp.pgcb.gov.bd',
      'sourceType': <EventSourceType.measured: 'measured'>,
      'zoneKey': 'BD',
    }),
    dict({
      'consumption': 10577.0,
      'datetime': datetime.datetime(2025, 1, 15, 17, 0, tzinfo=zoneinfo.ZoneInfo(key='Asia/Dhaka')),
      'source': 'erp.pgcb.gov.bd',
      'sourceType': <EventSourceType.measured: 'measured'>,
      'zoneKey': 'BD',
    }),
    dict({
      'consumption': 10893.0,
      'datetime': datetime.datetime(2025, 1, 15, 18, 0, tzinfo=zoneinfo.ZoneInfo(key='Asia/Dhaka')),
      'source': 'erp.pgcb.gov.bd',
      'sourceType': <EventSourceType.measured: 'measured'>,
      'zoneKey': 'BD',
    }),
    dict({
      'consumption': 10879.0,
      'datetime': datetime.datetime(2025, 1, 15, 18, 30, tzinfo=zoneinfo.ZoneInfo(key='Asia/Dhaka')),
      'source': 'erp.pgcb.gov.bd',
      'sourceType': <EventSourceType.measured: 'measured'>,
      'zoneKey': 'BD',
    }),
    dict({
      'consumption': 10769.0,
      'datetime': datetime.datetime(2025, 1, 15, 19, 0, tzinfo=zoneinfo.ZoneInfo(key='Asia/Dhaka')),
      'source': 'erp.pgcb.gov.bd',
      'sourceType': <EventSourceType.measured: 'measured'>,
      'zoneKey': 'BD',
    }),
    dict({
      'consumption': 10658.0,
      'datetime': datetime.datetime(2025, 1, 15, 20, 0, tzinfo=zoneinfo.ZoneInfo(key='Asia/Dhaka')),
      'source': 'erp.pgcb.gov.bd',
      'sourceType': <EventSourceType.measured: 'measured'>,
      'zoneKey': 'BD',
    }),
    dict({
      'consumption': 10054.0,
      'datetime': datetime.datetime(2025, 1, 15, 21, 0, tzinfo=zoneinfo.ZoneInfo(key='Asia/Dhaka')),
      'source': 'erp.pgcb.gov.bd',
      'sourceType': <EventSourceType.measured: 'measured'>,
      'zoneKey': 'BD',
    }),
    dict({
      'consumption': 9529.0,
      'datetime': datetime.datetime(2025, 1, 15, 22, 0, tzinfo=zoneinfo.ZoneInfo(key='Asia/Dhaka')),
      'source': 'erp.pgcb.gov.bd',
      'sourceType': <EventSourceType.measured: 'measured'>,
      'zoneKey': 'BD',
    }),
  ])
# ---
