# serializer version: 1
# name: test_exchange_with_snapshot
  list([
    dict({
      'datetime': datetime.datetime(2017, 9, 3, 18, 0, tzinfo=datetime.timezone.utc),
      'netFlow': 3195.2,
      'sortedZoneKeys': 'ES->MA',
      'source': 'api.esios.ree.es',
      'sourceType': <EventSourceType.measured: 'measured'>,
    }),
    dict({
      'datetime': datetime.datetime(2017, 9, 3, 19, 0, tzinfo=datetime.timezone.utc),
      'netFlow': 3543.08,
      'sortedZoneKeys': 'ES->MA',
      'source': 'api.esios.ree.es',
      'sourceType': <EventSourceType.measured: 'measured'>,
    }),
    dict({
      'datetime': datetime.datetime(2017, 9, 3, 20, 0, tzinfo=datetime.timezone.utc),
      'netFlow': 3327.84,
      'sortedZoneKeys': 'ES->MA',
      'source': 'api.esios.ree.es',
      'sourceType': <EventSourceType.measured: 'measured'>,
    }),
    dict({
      'datetime': datetime.datetime(2017, 9, 3, 21, 0, tzinfo=datetime.timezone.utc),
      'netFlow': 3457.36,
      'sortedZoneKeys': 'ES->MA',
      'source': 'api.esios.ree.es',
      'sourceType': <EventSourceType.measured: 'measured'>,
    }),
    dict({
      'datetime': datetime.datetime(2017, 9, 3, 22, 0, tzinfo=datetime.timezone.utc),
      'netFlow': 3275.64,
      'sortedZoneKeys': 'ES->MA',
      'source': 'api.esios.ree.es',
      'sourceType': <EventSourceType.measured: 'measured'>,
    }),
    dict({
      'datetime': datetime.datetime(2017, 9, 3, 23, 0, tzinfo=datetime.timezone.utc),
      'netFlow': 3019.68,
      'sortedZoneKeys': 'ES->MA',
      'source': 'api.esios.ree.es',
      'sourceType': <EventSourceType.measured: 'measured'>,
    }),
    dict({
      'datetime': datetime.datetime(2017, 9, 4, 0, 0, tzinfo=datetime.timezone.utc),
      'netFlow': 2708.96,
      'sortedZoneKeys': 'ES->MA',
      'source': 'api.esios.ree.es',
      'sourceType': <EventSourceType.measured: 'measured'>,
    }),
    dict({
      'datetime': datetime.datetime(2017, 9, 4, 1, 0, tzinfo=datetime.timezone.utc),
      'netFlow': 2225.28,
      'sortedZoneKeys': 'ES->MA',
      'source': 'api.esios.ree.es',
      'sourceType': <EventSourceType.measured: 'measured'>,
    }),
    dict({
      'datetime': datetime.datetime(2017, 9, 4, 2, 0, tzinfo=datetime.timezone.utc),
      'netFlow': 1711.0,
      'sortedZoneKeys': 'ES->MA',
      'source': 'api.esios.ree.es',
      'sourceType': <EventSourceType.measured: 'measured'>,
    }),
    dict({
      'datetime': datetime.datetime(2017, 9, 4, 3, 0, tzinfo=datetime.timezone.utc),
      'netFlow': 1874.52,
      'sortedZoneKeys': 'ES->MA',
      'source': 'api.esios.ree.es',
      'sourceType': <EventSourceType.measured: 'measured'>,
    }),
    dict({
      'datetime': datetime.datetime(2017, 9, 4, 4, 0, tzinfo=datetime.timezone.utc),
      'netFlow': 2101.36,
      'sortedZoneKeys': 'ES->MA',
      'source': 'api.esios.ree.es',
      'sourceType': <EventSourceType.measured: 'measured'>,
    }),
    dict({
      'datetime': datetime.datetime(2017, 9, 4, 5, 0, tzinfo=datetime.timezone.utc),
      'netFlow': 2319.8,
      'sortedZoneKeys': 'ES->MA',
      'source': 'api.esios.ree.es',
      'sourceType': <EventSourceType.measured: 'measured'>,
    }),
    dict({
      'datetime': datetime.datetime(2017, 9, 4, 6, 0, tzinfo=datetime.timezone.utc),
      'netFlow': 2354.96,
      'sortedZoneKeys': 'ES->MA',
      'source': 'api.esios.ree.es',
      'sourceType': <EventSourceType.measured: 'measured'>,
    }),
    dict({
      'datetime': datetime.datetime(2017, 9, 4, 7, 0, tzinfo=datetime.timezone.utc),
      'netFlow': 2828.72,
      'sortedZoneKeys': 'ES->MA',
      'source': 'api.esios.ree.es',
      'sourceType': <EventSourceType.measured: 'measured'>,
    }),
    dict({
      'datetime': datetime.datetime(2017, 9, 4, 8, 0, tzinfo=datetime.timezone.utc),
      'netFlow': 2935.12,
      'sortedZoneKeys': 'ES->MA',
      'source': 'api.esios.ree.es',
      'sourceType': <EventSourceType.measured: 'measured'>,
    }),
    dict({
      'datetime': datetime.datetime(2017, 9, 4, 9, 0, tzinfo=datetime.timezone.utc),
      'netFlow': 3470.56,
      'sortedZoneKeys': 'ES->MA',
      'source': 'api.esios.ree.es',
      'sourceType': <EventSourceType.measured: 'measured'>,
    }),
    dict({
      'datetime': datetime.datetime(2017, 9, 4, 10, 0, tzinfo=datetime.timezone.utc),
      'netFlow': 2995.6,
      'sortedZoneKeys': 'ES->MA',
      'source': 'api.esios.ree.es',
      'sourceType': <EventSourceType.measured: 'measured'>,
    }),
    dict({
      'datetime': datetime.datetime(2017, 9, 4, 11, 0, tzinfo=datetime.timezone.utc),
      'netFlow': 2969.16,
      'sortedZoneKeys': 'ES->MA',
      'source': 'api.esios.ree.es',
      'sourceType': <EventSourceType.measured: 'measured'>,
    }),
    dict({
      'datetime': datetime.datetime(2017, 9, 4, 12, 0, tzinfo=datetime.timezone.utc),
      'netFlow': 3257.84,
      'sortedZoneKeys': 'ES->MA',
      'source': 'api.esios.ree.es',
      'sourceType': <EventSourceType.measured: 'measured'>,
    }),
    dict({
      'datetime': datetime.datetime(2017, 9, 4, 13, 0, tzinfo=datetime.timezone.utc),
      'netFlow': 3072.92,
      'sortedZoneKeys': 'ES->MA',
      'source': 'api.esios.ree.es',
      'sourceType': <EventSourceType.measured: 'measured'>,
    }),
    dict({
      'datetime': datetime.datetime(2017, 9, 4, 14, 0, tzinfo=datetime.timezone.utc),
      'netFlow': 3008.72,
      'sortedZoneKeys': 'ES->MA',
      'source': 'api.esios.ree.es',
      'sourceType': <EventSourceType.measured: 'measured'>,
    }),
    dict({
      'datetime': datetime.datetime(2017, 9, 4, 15, 0, tzinfo=datetime.timezone.utc),
      'netFlow': 3159.68,
      'sortedZoneKeys': 'ES->MA',
      'source': 'api.esios.ree.es',
      'sourceType': <EventSourceType.measured: 'measured'>,
    }),
    dict({
      'datetime': datetime.datetime(2017, 9, 4, 16, 0, tzinfo=datetime.timezone.utc),
      'netFlow': 3101.08,
      'sortedZoneKeys': 'ES->MA',
      'source': 'api.esios.ree.es',
      'sourceType': <EventSourceType.measured: 'measured'>,
    }),
    dict({
      'datetime': datetime.datetime(2017, 9, 4, 17, 0, tzinfo=datetime.timezone.utc),
      'netFlow': 3340.84,
      'sortedZoneKeys': 'ES->MA',
      'source': 'api.esios.ree.es',
      'sourceType': <EventSourceType.measured: 'measured'>,
    }),
  ])
# ---
