# serializer version: 1
# name: test_snapshot_fetch_consumption[AU-QLD]
  list([
    dict({
      'consumption': 5571.66,
      'datetime': datetime.datetime(2026, 8, 26, 2, 40, tzinfo=zoneinfo.ZoneInfo(key='Australia/Brisbane')),
      'end_datetime': datetime.datetime(2026, 8, 26, 2, 45, tzinfo=zoneinfo.ZoneInfo(key='Australia/Brisbane')),
      'source': 'aemo.com.au',
      'sourceType': <EventSourceType.measured: 'measured'>,
      'zoneKey': 'AU-QLD',
    }),
    dict({
      'consumption': 5505.41,
      'datetime': datetime.datetime(2026, 8, 26, 2, 45, tzinfo=zoneinfo.ZoneInfo(key='Australia/Brisbane')),
      'end_datetime': datetime.datetime(2026, 8, 26, 2, 50, tzinfo=zoneinfo.ZoneInfo(key='Australia/Brisbane')),
      'source': 'aemo.com.au',
      'sourceType': <EventSourceType.measured: 'measured'>,
      'zoneKey': 'AU-QLD',
    }),
  ])
# ---
