# serializer version: 1
# name: test_snapshot_fetch_consumption[AU-SA]
  list([
    dict({
      'consumption': 1438.63,
      'datetime': datetime.datetime(2026, 8, 26, 2, 40, tzinfo=zoneinfo.ZoneInfo(key='Australia/Brisbane')),
      'end_datetime': datetime.datetime(2026, 8, 26, 2, 45, tzinfo=zoneinfo.ZoneInfo(key='Australia/Brisbane')),
      'source': 'aemo.com.au',
      'sourceType': <EventSourceType.measured: 'measured'>,
      'zoneKey': 'AU-SA',
    }),
    dict({
      'consumption': 1417.47,
      'datetime': datetime.datetime(2026, 8, 26, 2, 45, tzinfo=zoneinfo.ZoneInfo(key='Australia/Brisbane')),
      'end_datetime': datetime.datetime(2026, 8, 26, 2, 50, tzinfo=zoneinfo.ZoneInfo(key='Australia/Brisbane')),
      'source': 'aemo.com.au',
      'sourceType': <EventSourceType.measured: 'measured'>,
      'zoneKey': 'AU-SA',
    }),
  ])
# ---
