# serializer version: 1
# name: test_snapshot_fetch_exchange[AU-NSW-AU-QLD]
  list([
    dict({
      'datetime': datetime.datetime(2026, 8, 26, 2, 40, tzinfo=zoneinfo.ZoneInfo(key='Australia/Brisbane')),
      'end_datetime': datetime.datetime(2026, 8, 26, 2, 45, tzinfo=zoneinfo.ZoneInfo(key='Australia/Brisbane')),
      'netFlow': np.float64(-498.59815),
      'sortedZoneKeys': 'AU-NSW->AU-QLD',
      'source': 'aemo.com.au',
      'sourceType': <EventSourceType.measured: 'measured'>,
    }),
    dict({
      'datetime': datetime.datetime(2026, 8, 26, 2, 45, tzinfo=zoneinfo.ZoneInfo(key='Australia/Brisbane')),
      'end_datetime': datetime.datetime(2026, 8, 26, 2, 50, tzinfo=zoneinfo.ZoneInfo(key='Australia/Brisbane')),
      'netFlow': np.float64(-541.19117),
      'sortedZoneKeys': 'AU-NSW->AU-QLD',
      'source': 'aemo.com.au',
      'sourceType': <EventSourceType.measured: 'measured'>,
    }),
  ])
# ---
