// Vitest Snapshot v1, https://vitest.dev/guide/snapshot.html

exports[`formatDate > handles daily data for de 1`] = `"1. Januar 2021"`;

exports[`formatDate > handles daily data for en 1`] = `"January 1, 2021"`;

exports[`formatDate > handles daily data for es 1`] = `"1 de enero de 2021"`;

exports[`formatDate > handles daily data for fr 1`] = `"1 janvier 2021"`;

exports[`formatDate > handles daily data for it 1`] = `"1 gennaio 2021"`;

exports[`formatDate > handles daily data for sv 1`] = `"1 januari 2021"`;

exports[`formatDate > handles hourly data for de 1`] = `"1. Jan. 2021, 01:00 MEZ"`;

exports[`formatDate > handles hourly data for en 1`] = `"Jan 1, 2021, 1:00 AM GMT+1"`;

exports[`formatDate > handles hourly data for es 1`] = `"1 ene 2021, 1:00 CET"`;

exports[`formatDate > handles hourly data for fr 1`] = `"1 janv. 2021, 01:00 UTC+1"`;

exports[`formatDate > handles hourly data for it 1`] = `"1 gen 2021, 01:00 CET"`;

exports[`formatDate > handles hourly data for sv 1`] = `"1 jan. 2021 01:00 CET"`;

exports[`formatDate > handles monthly data for de 1`] = `"Januar 2021"`;

exports[`formatDate > handles monthly data for en 1`] = `"January 2021"`;

exports[`formatDate > handles monthly data for es 1`] = `"enero de 2021"`;

exports[`formatDate > handles monthly data for fr 1`] = `"janvier 2021"`;

exports[`formatDate > handles monthly data for it 1`] = `"gennaio 2021"`;

exports[`formatDate > handles monthly data for sv 1`] = `"januari 2021"`;

exports[`formatDate > handles yearly data for de 1`] = `"2021"`;

exports[`formatDate > handles yearly data for en 1`] = `"2021"`;

exports[`formatDate > handles yearly data for es 1`] = `"2021"`;

exports[`formatDate > handles yearly data for fr 1`] = `"2021"`;

exports[`formatDate > handles yearly data for it 1`] = `"2021"`;

exports[`formatDate > handles yearly data for sv 1`] = `"2021"`;

exports[`getDateRange > handles 12 monthly data for de 1`] = `"Apr. 2024 - März 2025"`;

exports[`getDateRange > handles 12 monthly data for en 1`] = `"Apr 2024 - Mar 2025"`;

exports[`getDateRange > handles 12 monthly data for fr 1`] = `"avr. 2024 - mars 2025"`;

exports[`getDateRange > handles 72h data for de 1`] = `"29. März - 1. Apr. 2025"`;

exports[`getDateRange > handles 72h data for en 1`] = `"Mar 29 - Apr 1, 2025"`;

exports[`getDateRange > handles 72h data for fr 1`] = `"29 mars - 1 avr. 2025"`;

exports[`getDateRange > handles 90 day data for de 1`] = `"2. Jan. - 31. März 2025"`;

exports[`getDateRange > handles 90 day data for en 1`] = `"Jan 2 - Mar 31, 2025"`;

exports[`getDateRange > handles 90 day data for fr 1`] = `"2 janv. - 31 mars 2025"`;

exports[`getDateRange > handles all month data for de 1`] = `"Jan. 2017 - März 2025"`;

exports[`getDateRange > handles all month data for en 1`] = `"Jan 2017 - Mar 2025"`;

exports[`getDateRange > handles all month data for fr 1`] = `"janv. 2017 - mars 2025"`;

exports[`getDateRange > handles all year data for de 1`] = `"2017 - 2024"`;

exports[`getDateRange > handles all year data for en 1`] = `"2017 - 2024"`;

exports[`getDateRange > handles all year data for fr 1`] = `"2017 - 2024"`;

exports[`getDateRange > handles the end of the year for 72h data for de 1`] = `"30. Dez. 2024 - 2. Jan. 2025"`;

exports[`getDateRange > handles the end of the year for 72h data for en 1`] = `"Dec 30, 2024 - Jan 2, 2025"`;

exports[`getDateRange > handles the end of the year for 72h data for fr 1`] = `"30 déc. 2024 - 2 janv. 2025"`;

exports[`getDateRange > it handles the end of the year for 90 day data for de 1`] = `"1. Dez. 2024 - 1. März 2025"`;

exports[`getDateRange > it handles the end of the year for 90 day data for en 1`] = `"Dec 1, 2024 - Mar 1, 2025"`;

exports[`getDateRange > it handles the end of the year for 90 day data for fr 1`] = `"1 déc. 2024 - 1 mars 2025"`;
