# serializer version: 1
# name: test_fetch_exchange[GT-HN]
  list([
    dict({
      'datetime': datetime.datetime(2025, 7, 25, 0, 0, tzinfo=zoneinfo.ZoneInfo(key='America/Tegucigalpa')),
      'netFlow': 27.6,
      'sortedZoneKeys': 'GT->HN',
      'source': 'ods.org.hn',
      'sourceType': <EventSourceType.measured: 'measured'>,
    }),
    dict({
      'datetime': datetime.datetime(2025, 7, 25, 1, 0, tzinfo=zoneinfo.ZoneInfo(key='America/Tegucigalpa')),
      'netFlow': 21.5,
      'sortedZoneKeys': 'GT->HN',
      'source': 'ods.org.hn',
      'sourceType': <EventSourceType.measured: 'measured'>,
    }),
    dict({
      'datetime': datetime.datetime(2025, 7, 25, 2, 0, tzinfo=zoneinfo.ZoneInfo(key='America/Tegucigalpa')),
      'netFlow': 22.7,
      'sortedZoneKeys': 'GT->HN',
      'source': 'ods.org.hn',
      'sourceType': <EventSourceType.measured: 'measured'>,
    }),
    dict({
      'datetime': datetime.datetime(2025, 7, 25, 3, 0, tzinfo=zoneinfo.ZoneInfo(key='America/Tegucigalpa')),
      'netFlow': 23.3,
      'sortedZoneKeys': 'GT->HN',
      'source': 'ods.org.hn',
      'sourceType': <EventSourceType.measured: 'measured'>,
    }),
    dict({
      'datetime': datetime.datetime(2025, 7, 25, 4, 0, tzinfo=zoneinfo.ZoneInfo(key='America/Tegucigalpa')),
      'netFlow': 14.4,
      'sortedZoneKeys': 'GT->HN',
      'source': 'ods.org.hn',
      'sourceType': <EventSourceType.measured: 'measured'>,
    }),
    dict({
      'datetime': datetime.datetime(2025, 7, 25, 5, 0, tzinfo=zoneinfo.ZoneInfo(key='America/Tegucigalpa')),
      'netFlow': 5.9,
      'sortedZoneKeys': 'GT->HN',
      'source': 'ods.org.hn',
      'sourceType': <EventSourceType.measured: 'measured'>,
    }),
    dict({
      'datetime': datetime.datetime(2025, 7, 25, 6, 0, tzinfo=zoneinfo.ZoneInfo(key='America/Tegucigalpa')),
      'netFlow': 5.2,
      'sortedZoneKeys': 'GT->HN',
      'source': 'ods.org.hn',
      'sourceType': <EventSourceType.measured: 'measured'>,
    }),
    dict({
      'datetime': datetime.datetime(2025, 7, 25, 7, 0, tzinfo=zoneinfo.ZoneInfo(key='America/Tegucigalpa')),
      'netFlow': 24.4,
      'sortedZoneKeys': 'GT->HN',
      'source': 'ods.org.hn',
      'sourceType': <EventSourceType.measured: 'measured'>,
    }),
  ])
# ---
